Archive member included to satisfy reference by file (symbol)

../lib/libuss_lib.a(adc.c.o)  CMakeFiles/main.dir/src/main.c.o (uss_init)
../lib/libuss_lib.a(filter.c.o)
                              CMakeFiles/main.dir/src/main.c.o (filter_butterworth_biquad_postprocessing)
../lib/libuss_lib.a(dma.c.o)  CMakeFiles/main.dir/src/main.c.o (dma_capture_config)
../lib/libuss_lib.a(serial.c.o)
                              CMakeFiles/main.dir/src/main.c.o (send_data_serial_float)
../lib/libuss_lib.a(fft.c.o)  CMakeFiles/main.dir/src/main.c.o (get_fft_size)
/usr/lib/gcc/arm-none-eabi/10.3.1/../../../arm-none-eabi/lib/thumb/v8-m.main+fp/softfp/libm.a(lib_a-wf_sqrt.o)
                              CMakeFiles/main.dir/mnt/c/workspace/pico/pico-sdk/src/rp2_common/pico_float/float_math.c.o (sqrtf)
/usr/lib/gcc/arm-none-eabi/10.3.1/../../../arm-none-eabi/lib/thumb/v8-m.main+fp/softfp/libm.a(lib_a-ef_sqrt.o)
                              /usr/lib/gcc/arm-none-eabi/10.3.1/../../../arm-none-eabi/lib/thumb/v8-m.main+fp/softfp/libm.a(lib_a-wf_sqrt.o) (__ieee754_sqrtf)
/usr/lib/gcc/arm-none-eabi/10.3.1/../../../arm-none-eabi/lib/thumb/v8-m.main+fp/softfp/libm.a(lib_a-s_lib_ver.o)
                              /usr/lib/gcc/arm-none-eabi/10.3.1/../../../arm-none-eabi/lib/thumb/v8-m.main+fp/softfp/libm.a(lib_a-wf_sqrt.o) (__fdlib_version)
/usr/lib/gcc/arm-none-eabi/10.3.1/thumb/v8-m.main+fp/softfp/libgcc.a(_arm_addsubdf3.o)
                              CMakeFiles/main.dir/src/main.c.o (__aeabi_f2d)
/usr/lib/gcc/arm-none-eabi/10.3.1/thumb/v8-m.main+fp/softfp/libgcc.a(_aeabi_ldivmod.o)
                              CMakeFiles/main.dir/mnt/c/workspace/pico/pico-sdk/src/common/pico_time/time.c.o (__aeabi_ldivmod)
/usr/lib/gcc/arm-none-eabi/10.3.1/thumb/v8-m.main+fp/softfp/libgcc.a(_aeabi_uldivmod.o)
                              CMakeFiles/main.dir/mnt/c/workspace/pico/pico-sdk/src/rp2_common/hardware_clocks/clocks.c.o (__aeabi_uldivmod)
/usr/lib/gcc/arm-none-eabi/10.3.1/thumb/v8-m.main+fp/softfp/libgcc.a(_mulsc3.o)
                              ../lib/libuss_lib.a(fft.c.o) (__mulsc3)
/usr/lib/gcc/arm-none-eabi/10.3.1/thumb/v8-m.main+fp/softfp/libgcc.a(_udivmoddi4.o)
                              /usr/lib/gcc/arm-none-eabi/10.3.1/thumb/v8-m.main+fp/softfp/libgcc.a(_aeabi_ldivmod.o) (__udivmoddi4)
/usr/lib/gcc/arm-none-eabi/10.3.1/thumb/v8-m.main+fp/softfp/libgcc.a(_dvmd_tls.o)
                              /usr/lib/gcc/arm-none-eabi/10.3.1/thumb/v8-m.main+fp/softfp/libgcc.a(_aeabi_ldivmod.o) (__aeabi_ldiv0)
/usr/lib/gcc/arm-none-eabi/10.3.1/../../../arm-none-eabi/lib/thumb/v8-m.main+fp/softfp/libg.a(lib_a-atexit.o)
                              /usr/lib/gcc/arm-none-eabi/10.3.1/../../../arm-none-eabi/lib/thumb/v8-m.main+fp/softfp/crt0.o (atexit)
/usr/lib/gcc/arm-none-eabi/10.3.1/../../../arm-none-eabi/lib/thumb/v8-m.main+fp/softfp/libg.a(lib_a-calloc.o)
                              CMakeFiles/main.dir/mnt/c/workspace/pico/pico-sdk/src/rp2_common/pico_malloc/malloc.c.o (calloc)
/usr/lib/gcc/arm-none-eabi/10.3.1/../../../arm-none-eabi/lib/thumb/v8-m.main+fp/softfp/libg.a(lib_a-callocr.o)
                              /usr/lib/gcc/arm-none-eabi/10.3.1/../../../arm-none-eabi/lib/thumb/v8-m.main+fp/softfp/libg.a(lib_a-calloc.o) (_calloc_r)
/usr/lib/gcc/arm-none-eabi/10.3.1/../../../arm-none-eabi/lib/thumb/v8-m.main+fp/softfp/libg.a(lib_a-errno.o)
                              /usr/lib/gcc/arm-none-eabi/10.3.1/../../../arm-none-eabi/lib/thumb/v8-m.main+fp/softfp/libm.a(lib_a-wf_sqrt.o) (__errno)
/usr/lib/gcc/arm-none-eabi/10.3.1/../../../arm-none-eabi/lib/thumb/v8-m.main+fp/softfp/libg.a(lib_a-fini.o)
                              /usr/lib/gcc/arm-none-eabi/10.3.1/../../../arm-none-eabi/lib/thumb/v8-m.main+fp/softfp/crt0.o (__libc_fini_array)
/usr/lib/gcc/arm-none-eabi/10.3.1/../../../arm-none-eabi/lib/thumb/v8-m.main+fp/softfp/libg.a(lib_a-impure.o)
                              /usr/lib/gcc/arm-none-eabi/10.3.1/../../../arm-none-eabi/lib/thumb/v8-m.main+fp/softfp/libg.a(lib_a-calloc.o) (_impure_ptr)
/usr/lib/gcc/arm-none-eabi/10.3.1/../../../arm-none-eabi/lib/thumb/v8-m.main+fp/softfp/libg.a(lib_a-init.o)
                              /usr/lib/gcc/arm-none-eabi/10.3.1/../../../arm-none-eabi/lib/thumb/v8-m.main+fp/softfp/crt0.o (__libc_init_array)
/usr/lib/gcc/arm-none-eabi/10.3.1/../../../arm-none-eabi/lib/thumb/v8-m.main+fp/softfp/libg.a(lib_a-lcltime_r.o)
                              CMakeFiles/main.dir/mnt/c/workspace/pico/pico-sdk/src/common/pico_util/datetime.c.o (localtime_r)
/usr/lib/gcc/arm-none-eabi/10.3.1/../../../arm-none-eabi/lib/thumb/v8-m.main+fp/softfp/libg.a(lib_a-malloc.o)
                              CMakeFiles/main.dir/mnt/c/workspace/pico/pico-sdk/src/rp2_common/pico_malloc/malloc.c.o (malloc)
/usr/lib/gcc/arm-none-eabi/10.3.1/../../../arm-none-eabi/lib/thumb/v8-m.main+fp/softfp/libg.a(lib_a-mallocr.o)
[...]
Memory Configuration

Name             Origin             Length             Attributes
FLASH            0x0000000010000000 0x0000000000400000 xr
RAM              0x0000000020000000 0x0000000000080000 xrw
SCRATCH_X        0x0000000020080000 0x0000000000001000 xrw
SCRATCH_Y        0x0000000020081000 0x0000000000001000 xrw
*default*        0x0000000000000000 0xffffffffffffffff

Linker script and memory map

LOAD /usr/lib/gcc/arm-none-eabi/10.3.1/thumb/v8-m.main+fp/softfp/crti.o
LOAD /usr/lib/gcc/arm-none-eabi/10.3.1/thumb/v8-m.main+fp/softfp/crtbegin.o
LOAD /usr/lib/gcc/arm-none-eabi/10.3.1/../../../arm-none-eabi/lib/thumb/v8-m.main+fp/softfp/crt0.o

.flash_begin    0x0000000010000000        0x0
                0x0000000010000000                __flash_binary_start = .

.text           0x0000000010000000     0xd470
                0x0000000010000000                __logical_binary_start = .
 *(.vectors)
 .vectors       0x0000000010000000      0x124 CMakeFiles/main.dir/mnt/c/workspace/pico/pico-sdk/src/rp2_common/pico_crt0/crt0.S.o
                0x0000000010000000                __vectors
                0x0000000010000000                __VECTOR_TABLE
                0x0000000010000110                isr_securefault
                0x0000000010000110                isr_irq30
                0x0000000010000110                __unhandled_user_irq
                0x0000000010000110                isr_irq49
                0x0000000010000110                isr_irq13
                0x0000000010000110                isr_irq43
                0x0000000010000110                isr_irq45
                0x0000000010000110                isr_irq27
                0x0000000010000110                isr_irq32
                0x0000000010000110                isr_irq31
                0x0000000010000110                isr_irq5
                0x0000000010000110                isr_irq11
                0x0000000010000110                isr_irq23
                0x0000000010000110                isr_usagefault
                0x0000000010000110                isr_irq48
                0x0000000010000110                isr_irq35
                0x0000000010000110                isr_irq18
                0x0000000010000110                isr_irq50
                0x0000000010000110                isr_irq40
                0x0000000010000110                isr_irq28
                0x0000000010000110                isr_irq19
                0x0000000010000110                isr_irq36
                0x0000000010000110                isr_irq41
                0x0000000010000110                isr_irq0
                0x0000000010000110                isr_irq6
                0x0000000010000110                isr_memmanage
                0x0000000010000110                isr_irq37
                0x0000000010000110                isr_irq42
                0x0000000010000110                isr_irq22
                0x0000000010000110                isr_irq17
                0x0000000010000110                isr_irq38
                0x0000000010000110                isr_irq14
                0x0000000010000110                __vectors_end
                0x0000000010000110                __default_isrs_start
                0x0000000010000110                isr_irq2
                0x0000000010000110                isr_irq10
                0x0000000010000110                isr_irq8
                0x0000000010000110                isr_debugmonitor
                0x0000000010000110                isr_irq24
                0x0000000010000110                isr_irq46
                0x0000000010000110                isr_irq1
                0x0000000010000110                isr_irq47
                0x0000000010000110                isr_irq51
                0x0000000010000110                isr_irq7
                0x0000000010000110                isr_irq21
                0x0000000010000110                isr_irq39
                0x0000000010000110                isr_irq20
                0x0000000010000110                isr_irq15
                0x0000000010000110                isr_irq25
                0x0000000010000110                isr_irq34
                0x0000000010000110                isr_irq4
                0x0000000010000110                isr_busfault
                0x0000000010000110                isr_irq16
                0x0000000010000110                isr_irq44
                0x0000000010000110                isr_irq29
                0x0000000010000110                isr_irq26
                0x0000000010000110                isr_irq33
                0x0000000010000110                isr_irq3
                0x0000000010000110                isr_irq12
                0x0000000010000110                isr_irq9
                0x0000000010000116                unhandled_user_irq_num_in_r0
                0x0000000010000118                isr_invalid
                0x000000001000011a                isr_nmi
                0x000000001000011c                isr_hardfault
                0x000000001000011e                isr_svcall
                0x0000000010000120                isr_pendsv
                0x0000000010000122                isr_systick
                0x0000000010000124                __default_isrs_end
 *(.binary_info_header)
 .binary_info_header
                0x0000000010000124       0x14 CMakeFiles/main.dir/mnt/c/workspace/pico/pico-sdk/src/rp2_common/pico_crt0/crt0.S.o
                0x0000000010000138                __binary_info_header_end = .
 *(.embedded_block)
 .embedded_block
                0x0000000010000138       0x14 CMakeFiles/main.dir/mnt/c/workspace/pico/pico-sdk/src/rp2_common/pico_crt0/crt0.S.o
                0x000000001000014c                __embedded_block_end = .
 *(.reset)
 .reset         0x000000001000014c       0x98 CMakeFiles/main.dir/mnt/c/workspace/pico/pico-sdk/src/rp2_common/pico_crt0/crt0.S.o
                0x000000001000014c                _entry_point
 *(.init)
 .init          0x00000000100001e4        0x4 /usr/lib/gcc/arm-none-eabi/10.3.1/thumb/v8-m.main+fp/softfp/crti.o
                0x00000000100001e4                _init
 *libgcc.a:cmse_nonsecure_call.o()
 *(EXCLUDE_FILE(*libm.a: *libc.a:*lib_a-mem*.o *libgcc.a:) .text*)
 .text          0x00000000100001e8       0x8c /usr/lib/gcc/arm-none-eabi/10.3.1/thumb/v8-m.main+fp/softfp/crtbegin.o
 .text.startup.main
                0x0000000010000274      0x278 CMakeFiles/main.dir/src/main.c.o
                0x0000000010000274                main
 .text.gpio_set_function
                0x00000000100004ec       0x3c CMakeFiles/main.dir/mnt/c/workspace/pico/pico-sdk/src/rp2_common/hardware_gpio/gpio.c.o
                0x00000000100004ec                gpio_set_function
 .text.gpio_set_pulls
                0x0000000010000528       0x34 CMakeFiles/main.dir/mnt/c/workspace/pico/pico-sdk/src/rp2_common/hardware_gpio/gpio.c.o
                0x0000000010000528                gpio_set_pulls
 .text.gpio_set_input_enabled
                0x000000001000055c       0x20 CMakeFiles/main.dir/mnt/c/workspace/pico/pico-sdk/src/rp2_common/hardware_gpio/gpio.c.o
                0x000000001000055c                gpio_set_input_enabled
 .text.gpio_init
                0x000000001000057c       0x44 CMakeFiles/main.dir/mnt/c/workspace/pico/pico-sdk/src/rp2_common/hardware_gpio/gpio.c.o
                0x000000001000057c                gpio_init
 .text.panic    0x00000000100005c0       0x30 CMakeFiles/main.dir/mnt/c/workspace/pico/pico-sdk/src/rp2_common/pico_platform_panic/panic.c.o
                0x00000000100005c0                panic
 .text.hw_claim_or_assert
                0x00000000100005f0       0x5c CMakeFiles/main.dir/mnt/c/workspace/pico/pico-sdk/src/common/hardware_claim/claim.c.o
                0x00000000100005f0                hw_claim_or_assert
 .text.hw_claim_unused_from_range
                0x000000001000064c       0x9c CMakeFiles/main.dir/mnt/c/workspace/pico/pico-sdk/src/common/hardware_claim/claim.c.o
                0x000000001000064c                hw_claim_unused_from_range
 .text.next_striped_spin_lock_num
                0x00000000100006e8       0x18 CMakeFiles/main.dir/mnt/c/workspace/pico/pico-sdk/src/rp2_common/hardware_sync/sync.c.o
                0x00000000100006e8                next_striped_spin_lock_num
 .text.spin_lock_claim_unused
                0x0000000010000700       0x20 CMakeFiles/main.dir/mnt/c/workspace/pico/pico-sdk/src/rp2_common/hardware_sync/sync.c.o
                0x0000000010000700                spin_lock_claim_unused
 .text.spinlock_set_extexclall
                0x0000000010000720       0x10 CMakeFiles/main.dir/mnt/c/workspace/pico/pico-sdk/src/rp2_common/hardware_sync_spin_lock/sync_spin_lock.c.o
 .text.spin_locks_reset
                0x0000000010000730       0x18 CMakeFiles/main.dir/mnt/c/workspace/pico/pico-sdk/src/rp2_common/hardware_sync_spin_lock/sync_spin_lock.c.o
                0x0000000010000730                spin_locks_reset
 .text.runtime_init_per_core_irq_priorities
                0x0000000010000748       0x40 CMakeFiles/main.dir/mnt/c/workspace/pico/pico-sdk/src/rp2_common/hardware_irq/irq.c.o
                0x0000000010000748                runtime_init_per_core_irq_priorities
 .text.irq_set_enabled
                0x0000000010000788       0x2c CMakeFiles/main.dir/mnt/c/workspace/pico/pico-sdk/src/rp2_common/hardware_irq/irq.c.o
                0x0000000010000788                irq_set_enabled
 .text.irq_is_enabled
                0x00000000100007b4       0x20 CMakeFiles/main.dir/mnt/c/workspace/pico/pico-sdk/src/rp2_common/hardware_irq/irq.c.o
                0x00000000100007b4                irq_is_enabled
 .text.irq_set_pending
                0x00000000100007d4       0x1c CMakeFiles/main.dir/mnt/c/workspace/pico/pico-sdk/src/rp2_common/hardware_irq/irq.c.o
                0x00000000100007d4                irq_set_pending
 .text.irq_has_shared_handler
                0x00000000100007f0       0x20 CMakeFiles/main.dir/mnt/c/workspace/pico/pico-sdk/src/rp2_common/hardware_irq/irq.c.o
                0x00000000100007f0                irq_has_shared_handler
 .text.irq_set_exclusive_handler
                0x0000000010000810       0x60 CMakeFiles/main.dir/mnt/c/workspace/pico/pico-sdk/src/rp2_common/hardware_irq/irq.c.o
                0x0000000010000810                irq_set_exclusive_handler
 .text.irq_add_shared_handler
                0x0000000010000870      0x1e8 CMakeFiles/main.dir/mnt/c/workspace/pico/pico-sdk/src/rp2_common/hardware_irq/irq.c.o
                0x0000000010000870                irq_add_shared_handler
 .text.irq_add_tail_to_free_list
                0x0000000010000a58       0xbc CMakeFiles/main.dir/mnt/c/workspace/pico/pico-sdk/src/rp2_common/hardware_irq/irq.c.o
                0x0000000010000a58                irq_add_tail_to_free_list
 .text.user_irq_claim_unused
                0x0000000010000b14       0x28 CMakeFiles/main.dir/mnt/c/workspace/pico/pico-sdk/src/rp2_common/hardware_irq/irq.c.o
                0x0000000010000b14                user_irq_claim_unused
 .text.lock_init
                0x0000000010000b3c        0xc CMakeFiles/main.dir/mnt/c/workspace/pico/pico-sdk/src/common/pico_sync/lock_core.c.o
                0x0000000010000b3c                lock_init
 .text.runtime_init_mutex
                0x0000000010000b48       0x54 CMakeFiles/main.dir/mnt/c/workspace/pico/pico-sdk/src/common/pico_sync/mutex.c.o
                0x0000000010000b48                runtime_init_mutex
 .text.mutex_init
                0x0000000010000b9c       0x1c CMakeFiles/main.dir/mnt/c/workspace/pico/pico-sdk/src/common/pico_sync/mutex.c.o
                0x0000000010000b9c                mutex_init
 .text.critical_section_init
                0x0000000010000bb8       0x1c CMakeFiles/main.dir/mnt/c/workspace/pico/pico-sdk/src/common/pico_sync/critical_section.c.o
                0x0000000010000bb8                critical_section_init
 .text.critical_section_init_with_lock_num
                0x0000000010000bd4       0x10 CMakeFiles/main.dir/mnt/c/workspace/pico/pico-sdk/src/common/pico_sync/critical_section.c.o
                0x0000000010000bd4                critical_section_init_with_lock_num
 .text.sleep_until_callback
                0x0000000010000be4       0x3c CMakeFiles/main.dir/mnt/c/workspace/pico/pico-sdk/src/common/pico_time/time.c.o
 .text.alarm_pool_irq_handler
                0x0000000010000c20      0x300 CMakeFiles/main.dir/mnt/c/workspace/pico/pico-sdk/src/common/pico_time/time.c.o
 .text.runtime_init_default_alarm_pool
                0x0000000010000f20      0x100 CMakeFiles/main.dir/mnt/c/workspace/pico/pico-sdk/src/common/pico_time/time.c.o
                0x0000000010000f20                runtime_init_default_alarm_pool
 .text.alarm_pool_get_default
                0x0000000010001020        0x8 CMakeFiles/main.dir/mnt/c/workspace/pico/pico-sdk/src/common/pico_time/time.c.o
                0x0000000010001020                alarm_pool_get_default
 .text.alarm_pool_add_alarm_at
                0x0000000010001028       0xdc CMakeFiles/main.dir/mnt/c/workspace/pico/pico-sdk/src/common/pico_time/time.c.o
                0x0000000010001028                alarm_pool_add_alarm_at
 .text.alarm_pool_add_alarm_at_force_in_context
                0x0000000010001104       0xc4 CMakeFiles/main.dir/mnt/c/workspace/pico/pico-sdk/src/common/pico_time/time.c.o
                0x0000000010001104                alarm_pool_add_alarm_at_force_in_context
 .text.alarm_pool_cancel_alarm
                0x00000000100011c8       0x80 CMakeFiles/main.dir/mnt/c/workspace/pico/pico-sdk/src/common/pico_time/time.c.o
                0x00000000100011c8                alarm_pool_cancel_alarm
 .text.alarm_pool_core_num
                0x0000000010001248        0x4 CMakeFiles/main.dir/mnt/c/workspace/pico/pico-sdk/src/common/pico_time/time.c.o
                0x0000000010001248                alarm_pool_core_num
 .text.sleep_until
                0x000000001000124c       0xbc CMakeFiles/main.dir/mnt/c/workspace/pico/pico-sdk/src/common/pico_time/time.c.o
                0x000000001000124c                sleep_until
 .text.sleep_us
                0x0000000010001308       0x28 CMakeFiles/main.dir/mnt/c/workspace/pico/pico-sdk/src/common/pico_time/time.c.o
                0x0000000010001308                sleep_us
 .text.sleep_ms
                0x0000000010001330       0x24 CMakeFiles/main.dir/mnt/c/workspace/pico/pico-sdk/src/common/pico_time/time.c.o
                0x0000000010001330                sleep_ms
 .text.best_effort_wfe_or_timeout
                0x0000000010001354       0xdc CMakeFiles/main.dir/mnt/c/workspace/pico/pico-sdk/src/common/pico_time/time.c.o
                0x0000000010001354                best_effort_wfe_or_timeout
 .text.timer_hardware_alarm_claim
                0x0000000010001430       0x24 CMakeFiles/main.dir/mnt/c/workspace/pico/pico-sdk/src/rp2_common/hardware_timer/timer.c.o
                0x0000000010001430                timer_hardware_alarm_claim
 .text.timer_time_us_64
                0x0000000010001454       0x10 CMakeFiles/main.dir/mnt/c/workspace/pico/pico-sdk/src/rp2_common/hardware_timer/timer.c.o
                0x0000000010001454                timer_time_us_64
 .text.time_us_64
                0x0000000010001464       0x14 CMakeFiles/main.dir/mnt/c/workspace/pico/pico-sdk/src/rp2_common/hardware_timer/timer.c.o
                0x0000000010001464                time_us_64
 .text.busy_wait_us
                0x0000000010001478       0x4c CMakeFiles/main.dir/mnt/c/workspace/pico/pico-sdk/src/rp2_common/hardware_timer/timer.c.o
                0x0000000010001478                busy_wait_us
 .text.busy_wait_until
                0x00000000100014c4       0x24 CMakeFiles/main.dir/mnt/c/workspace/pico/pico-sdk/src/rp2_common/hardware_timer/timer.c.o
                0x00000000100014c4                busy_wait_until
 .text.clock_configure_undivided
                0x00000000100014e8       0xd0 CMakeFiles/main.dir/mnt/c/workspace/pico/pico-sdk/src/rp2_common/hardware_clocks/clocks.c.o
                0x00000000100014e8                clock_configure_undivided
 .text.clock_get_hz
                0x00000000100015b8        0xc CMakeFiles/main.dir/mnt/c/workspace/pico/pico-sdk/src/rp2_common/hardware_clocks/clocks.c.o
                0x00000000100015b8                clock_get_hz
 .text.pll_init
                0x00000000100015c4       0x8c CMakeFiles/main.dir/mnt/c/workspace/pico/pico-sdk/src/rp2_common/hardware_pll/pll.c.o
                0x00000000100015c4                pll_init
 .text.watchdog_reboot
                0x0000000010001650       0x9c CMakeFiles/main.dir/mnt/c/workspace/pico/pico-sdk/src/rp2_common/hardware_watchdog/watchdog.c.o
                0x0000000010001650                watchdog_reboot
 .text.tick_start
                0x00000000100016ec       0x18 CMakeFiles/main.dir/mnt/c/workspace/pico/pico-sdk/src/rp2_common/hardware_ticks/ticks.c.o
                0x00000000100016ec                tick_start
 .text.rom_reboot.constprop.0.isra.0
                0x0000000010001704       0x38 CMakeFiles/main.dir/mnt/c/workspace/pico/pico-sdk/src/rp2_common/pico_bootrom/bootrom.c.o
 .text.rom_func_lookup
                0x000000001000173c       0x18 CMakeFiles/main.dir/mnt/c/workspace/pico/pico-sdk/src/rp2_common/pico_bootrom/bootrom.c.o
                0x000000001000173c                rom_func_lookup
 .text.rom_reset_usb_boot_extra
                0x0000000010001754       0x1c CMakeFiles/main.dir/mnt/c/workspace/pico/pico-sdk/src/rp2_common/pico_bootrom/bootrom.c.o
                0x0000000010001754                rom_reset_usb_boot_extra
 .text.runtime_init_bootrom_locking_enable
                0x0000000010001770       0x14 CMakeFiles/main.dir/mnt/c/workspace/pico/pico-sdk/src/rp2_common/pico_bootrom/bootrom_lock.c.o
                0x0000000010001770                runtime_init_bootrom_locking_enable
 .text.runtime_init_boot_locks_reset
                0x0000000010001784       0x1c CMakeFiles/main.dir/mnt/c/workspace/pico/pico-sdk/src/rp2_common/hardware_boot_lock/boot_lock.c.o
                0x0000000010001784                runtime_init_boot_locks_reset
 .text.xosc_init
                0x00000000100017a0       0x30 CMakeFiles/main.dir/mnt/c/workspace/pico/pico-sdk/src/rp2_common/hardware_xosc/xosc.c.o
                0x00000000100017a0                xosc_init
 .text.first_per_core_initializer
                0x00000000100017d0        0x4 CMakeFiles/main.dir/mnt/c/workspace/pico/pico-sdk/src/rp2_common/pico_runtime/runtime.c.o
 .text.hard_assertion_failure
                0x00000000100017d4        0xc CMakeFiles/main.dir/mnt/c/workspace/pico/pico-sdk/src/rp2_common/pico_runtime/runtime.c.o
                0x00000000100017d4                hard_assertion_failure
 .text.runtime_run_initializers
                0x00000000100017e0       0x20 CMakeFiles/main.dir/mnt/c/workspace/pico/pico-sdk/src/rp2_common/pico_runtime/runtime.c.o
                0x00000000100017e0                runtime_run_initializers
 .text.runtime_init_early_resets
                0x0000000010001800       0x34 CMakeFiles/main.dir/mnt/c/workspace/pico/pico-sdk/src/rp2_common/pico_runtime_init/runtime_init.c.o
                0x0000000010001800                runtime_init_early_resets
 .text.runtime_init_usb_power_down
                0x0000000010001834       0x1c CMakeFiles/main.dir/mnt/c/workspace/pico/pico-sdk/src/rp2_common/pico_runtime_init/runtime_init.c.o
                0x0000000010001834                runtime_init_usb_power_down
 .text.runtime_init_per_core_enable_coprocessors
                0x0000000010001850       0x1c CMakeFiles/main.dir/mnt/c/workspace/pico/pico-sdk/src/rp2_common/pico_runtime_init/runtime_init.c.o
                0x0000000010001850                runtime_init_per_core_enable_coprocessors
 .text.runtime_init_post_clock_resets
                0x000000001000186c       0x20 CMakeFiles/main.dir/mnt/c/workspace/pico/pico-sdk/src/rp2_common/pico_runtime_init/runtime_init.c.o
                0x000000001000186c                runtime_init_post_clock_resets
 .text.runtime_init_bootrom_reset
                0x000000001000188c       0x14 CMakeFiles/main.dir/mnt/c/workspace/pico/pico-sdk/src/rp2_common/pico_runtime_init/runtime_init.c.o
                0x000000001000188c                runtime_init_bootrom_reset
 .text.runtime_init_per_core_bootrom_reset
                0x00000000100018a0       0x14 CMakeFiles/main.dir/mnt/c/workspace/pico/pico-sdk/src/rp2_common/pico_runtime_init/runtime_init.c.o
                0x00000000100018a0                runtime_init_per_core_bootrom_reset
 .text.runtime_init_spin_locks_reset
                0x00000000100018b4        0x4 CMakeFiles/main.dir/mnt/c/workspace/pico/pico-sdk/src/rp2_common/pico_runtime_init/runtime_init.c.o
                0x00000000100018b4                runtime_init_spin_locks_reset
 .text.runtime_init_install_ram_vector_table
                0x00000000100018b8       0xd0 CMakeFiles/main.dir/mnt/c/workspace/pico/pico-sdk/src/rp2_common/pico_runtime_init/runtime_init.c.o
                0x00000000100018b8                runtime_init_install_ram_vector_table
 .text.runtime_init_clocks
                0x0000000010001988       0xdc CMakeFiles/main.dir/mnt/c/workspace/pico/pico-sdk/src/rp2_common/pico_runtime_init/runtime_init_clocks.c.o
                0x0000000010001988                runtime_init_clocks
 .text.__wrap_ceil
                0x0000000010001a64       0x7c CMakeFiles/main.dir/mnt/c/workspace/pico/pico-sdk/src/rp2_common/pico_double/double_math.c.o
                0x0000000010001a64                __wrap_ceil
 .text.__rp2350_dcp_engaged_state_save_restore
                0x0000000010001ae0       0x3a CMakeFiles/main.dir/mnt/c/workspace/pico/pico-sdk/src/rp2_common/pico_double/double_aeabi_dcp.S.o
 *fill*         0x0000000010001b1a        0x2 
 .text.__wrap___aeabi_dadd
                0x0000000010001b1c       0x28 CMakeFiles/main.dir/mnt/c/workspace/pico/pico-sdk/src/rp2_common/pico_double/double_aeabi_dcp.S.o
                0x0000000010001b24                __wrap___aeabi_dadd
 .text.__wrap___aeabi_dsub
                0x0000000010001b44       0x28 CMakeFiles/main.dir/mnt/c/workspace/pico/pico-sdk/src/rp2_common/pico_double/double_aeabi_dcp.S.o
                0x0000000010001b4c                __wrap___aeabi_dsub
 .text.__wrap___aeabi_dmul
                0x0000000010001b6c       0x4c CMakeFiles/main.dir/mnt/c/workspace/pico/pico-sdk/src/rp2_common/pico_double/double_aeabi_dcp.S.o
                0x0000000010001b74                __wrap___aeabi_dmul
 .text.__wrap___aeabi_ddiv
                0x0000000010001bb8       0x9c CMakeFiles/main.dir/mnt/c/workspace/pico/pico-sdk/src/rp2_common/pico_double/double_aeabi_dcp.S.o
                0x0000000010001bc0                __wrap___aeabi_ddiv
 .text.__wrap_sqrt
                0x0000000010001c54       0x98 CMakeFiles/main.dir/mnt/c/workspace/pico/pico-sdk/src/rp2_common/pico_double/double_aeabi_dcp.S.o
                0x0000000010001c5c                __wrap_sqrt
 .text.__wrap___aeabi_d2f
                0x0000000010001cec       0x1c CMakeFiles/main.dir/mnt/c/workspace/pico/pico-sdk/src/rp2_common/pico_double/double_aeabi_dcp.S.o
                0x0000000010001cf4                double2float
                0x0000000010001cf4                __wrap___aeabi_d2f
 .text.__wrap___aeabi_i2d
                0x0000000010001d08       0x24 CMakeFiles/main.dir/mnt/c/workspace/pico/pico-sdk/src/rp2_common/pico_double/double_aeabi_dcp.S.o
                0x0000000010001d10                __wrap___aeabi_i2d
                0x0000000010001d10                int2double
 .text.__wrap___aeabi_ui2d
                0x0000000010001d2c       0x24 CMakeFiles/main.dir/mnt/c/workspace/pico/pico-sdk/src/rp2_common/pico_double/double_aeabi_dcp.S.o
                0x0000000010001d34                __wrap___aeabi_ui2d
                0x0000000010001d34                uint2double
 .text.__wrap___aeabi_d2iz
                0x0000000010001d50       0x24 CMakeFiles/main.dir/mnt/c/workspace/pico/pico-sdk/src/rp2_common/pico_double/double_aeabi_dcp.S.o
                0x0000000010001d58                __wrap___aeabi_d2iz
                0x0000000010001d58                double2int_z
 .text.__wrap___aeabi_d2uiz
                0x0000000010001d74       0x24 CMakeFiles/main.dir/mnt/c/workspace/pico/pico-sdk/src/rp2_common/pico_double/double_aeabi_dcp.S.o
                0x0000000010001d7c                double2uint_z
                0x0000000010001d7c                double2uint
                0x0000000010001d7c                __wrap___aeabi_d2uiz
 .text.__wrap___aeabi_dcmpun
                0x0000000010001d98       0x24 CMakeFiles/main.dir/mnt/c/workspace/pico/pico-sdk/src/rp2_common/pico_double/double_aeabi_dcp.S.o
                0x0000000010001da0                __wrap___aeabi_dcmpun
 .text.__wrap___aeabi_dcmpeq
                0x0000000010001dbc       0x24 CMakeFiles/main.dir/mnt/c/workspace/pico/pico-sdk/src/rp2_common/pico_double/double_aeabi_dcp.S.o
                0x0000000010001dc4                __wrap___aeabi_dcmpeq
 .text.__wrap___aeabi_dcmplt
                0x0000000010001de0       0x28 CMakeFiles/main.dir/mnt/c/workspace/pico/pico-sdk/src/rp2_common/pico_double/double_aeabi_dcp.S.o
                0x0000000010001de8                __wrap___aeabi_dcmplt
 .text.__wrap___aeabi_dcmple
                0x0000000010001e08       0x28 CMakeFiles/main.dir/mnt/c/workspace/pico/pico-sdk/src/rp2_common/pico_double/double_aeabi_dcp.S.o
                0x0000000010001e10                __wrap___aeabi_dcmple
 .text.__wrap___aeabi_dcmpge
                0x0000000010001e30       0x28 CMakeFiles/main.dir/mnt/c/workspace/pico/pico-sdk/src/rp2_common/pico_double/double_aeabi_dcp.S.o
                0x0000000010001e38                __wrap___aeabi_dcmpge
 .text.__wrap___aeabi_dcmpgt
                0x0000000010001e58       0x28 CMakeFiles/main.dir/mnt/c/workspace/pico/pico-sdk/src/rp2_common/pico_double/double_aeabi_dcp.S.o
                0x0000000010001e60                __wrap___aeabi_dcmpgt
 .text.rtwopi   0x0000000010001e80       0xa0 CMakeFiles/main.dir/mnt/c/workspace/pico/pico-sdk/src/rp2_common/pico_double/double_sci_m33.S.o
                0x0000000010001e84                rtwopi
 .text.drrcore  0x0000000010001f20       0x64 CMakeFiles/main.dir/mnt/c/workspace/pico/pico-sdk/src/rp2_common/pico_double/double_sci_m33.S.o
 .text.__wrap_sin_cos
                0x0000000010001f84      0x434 CMakeFiles/main.dir/mnt/c/workspace/pico/pico-sdk/src/rp2_common/pico_double/double_sci_m33.S.o
                0x0000000010002118                __wrap_sincos
                0x0000000010002134                __wrap_sin
                0x000000001000213e                __wrap_cos
 .text.dpack    0x00000000100023b8       0x58 CMakeFiles/main.dir/mnt/c/workspace/pico/pico-sdk/src/rp2_common/pico_double/double_sci_m33.S.o
 .text.trigtab  0x0000000010002410      0x200 CMakeFiles/main.dir/mnt/c/workspace/pico/pico-sdk/src/rp2_common/pico_double/double_sci_m33.S.o
                0x0000000010002410                trigtab
 .text.__wrap_conv_tod
                0x0000000010002610      0x20c CMakeFiles/main.dir/mnt/c/workspace/pico/pico-sdk/src/rp2_common/pico_double/double_conv_m33.S.o
                0x0000000010002610                __wrap___aeabi_l2d
                0x0000000010002610                int642double
                0x0000000010002612                fix642double
                0x00000000100026b6                uint642double
                0x00000000100026b6                __wrap___aeabi_ul2d
                0x00000000100026b8                ufix642double
                0x000000001000274c                fix2double
                0x00000000100027bc                ufix2double
 .text.__wrap_conv_dtoi64_z
                0x000000001000281c       0xa0 CMakeFiles/main.dir/mnt/c/workspace/pico/pico-sdk/src/rp2_common/pico_double/double_conv_m33.S.o
                0x000000001000281c                __wrap___aeabi_d2lz
                0x000000001000281c                double2int64_z
                0x000000001000281e                double2fix64_z
 .text.__wrap_log2f
                0x00000000100028bc       0x1c CMakeFiles/main.dir/mnt/c/workspace/pico/pico-sdk/src/rp2_common/pico_float/float_math.c.o
                0x00000000100028bc                __wrap_log2f
 .text.__wrap_conv_tof
                0x00000000100028d8      0x1d4 CMakeFiles/main.dir/mnt/c/workspace/pico/pico-sdk/src/rp2_common/pico_float/float_common_m33.S.o
                0x00000000100028d8                int642float
                0x00000000100028d8                __wrap___aeabi_l2f
                0x00000000100028da                fix642float
                0x0000000010002968                fix2float
                0x00000000100029d4                ufix2float
                0x0000000010002a30                __wrap___aeabi_ul2f
                0x0000000010002a30                uint642float
                0x0000000010002a32                ufix642float
 *fill*         0x0000000010002aac        0x4 
 .text.__wrap_logf
                0x0000000010002ab0      0x188 CMakeFiles/main.dir/mnt/c/workspace/pico/pico-sdk/src/rp2_common/pico_float/float_sci_m33_vfp.S.o
                0x0000000010002ab0                __wrap_logf
 .text.__wrap_malloc
                0x0000000010002c38       0x24 CMakeFiles/main.dir/mnt/c/workspace/pico/pico-sdk/src/rp2_common/pico_malloc/malloc.c.o
                0x0000000010002c38                __wrap_malloc
 .text._out_buffer
                0x0000000010002c5c        0x8 CMakeFiles/main.dir/mnt/c/workspace/pico/pico-sdk/src/rp2_common/pico_printf/printf.c.o
 .text._out_null
                0x0000000010002c64        0x4 CMakeFiles/main.dir/mnt/c/workspace/pico/pico-sdk/src/rp2_common/pico_printf/printf.c.o
 .text._out_rev
                0x0000000010002c68       0x88 CMakeFiles/main.dir/mnt/c/workspace/pico/pico-sdk/src/rp2_common/pico_printf/printf.c.o
 .text._ntoa_format
                0x0000000010002cf0      0x1e8 CMakeFiles/main.dir/mnt/c/workspace/pico/pico-sdk/src/rp2_common/pico_printf/printf.c.o
 .text._out_char
                0x0000000010002ed8        0x8 CMakeFiles/main.dir/mnt/c/workspace/pico/pico-sdk/src/rp2_common/pico_printf/printf.c.o
 .text._out_fct
                0x0000000010002ee0        0xc CMakeFiles/main.dir/mnt/c/workspace/pico/pico-sdk/src/rp2_common/pico_printf/printf.c.o
 *fill*         0x0000000010002eec        0x4 
 .text._etoa    0x0000000010002ef0      0x460 CMakeFiles/main.dir/mnt/c/workspace/pico/pico-sdk/src/rp2_common/pico_printf/printf.c.o
 .text._ftoa    0x0000000010003350      0x3d8 CMakeFiles/main.dir/mnt/c/workspace/pico/pico-sdk/src/rp2_common/pico_printf/printf.c.o
 .text._vsnprintf
                0x0000000010003728      0x9c8 CMakeFiles/main.dir/mnt/c/workspace/pico/pico-sdk/src/rp2_common/pico_printf/printf.c.o
 .text.__wrap_sprintf
                0x00000000100040f0       0x2c CMakeFiles/main.dir/mnt/c/workspace/pico/pico-sdk/src/rp2_common/pico_printf/printf.c.o
                0x00000000100040f0                __wrap_sprintf
 .text.vfctprintf
                0x000000001000411c       0x28 CMakeFiles/main.dir/mnt/c/workspace/pico/pico-sdk/src/rp2_common/pico_printf/printf.c.o
                0x000000001000411c                vfctprintf
 .text.weak_raw_printf
                0x0000000010004144       0x48 CMakeFiles/main.dir/mnt/c/workspace/pico/pico-sdk/src/rp2_common/pico_printf/printf.c.o
                0x0000000010004144                weak_raw_printf
 .text.weak_raw_vprintf
                0x000000001000418c       0x30 CMakeFiles/main.dir/mnt/c/workspace/pico/pico-sdk/src/rp2_common/pico_printf/printf.c.o
                0x000000001000418c                weak_raw_vprintf
 .text._exit    0x00000000100041bc        0x4 CMakeFiles/main.dir/mnt/c/workspace/pico/pico-sdk/src/rp2_common/pico_clib_interface/newlib_interface.c.o
                0x00000000100041bc                _exit
 .text._sbrk    0x00000000100041c0       0x2c CMakeFiles/main.dir/mnt/c/workspace/pico/pico-sdk/src/rp2_common/pico_clib_interface/newlib_interface.c.o
                0x00000000100041c0                _sbrk
 .text._read    0x00000000100041ec       0x1c CMakeFiles/main.dir/mnt/c/workspace/pico/pico-sdk/src/rp2_common/pico_clib_interface/newlib_interface.c.o
                0x00000000100041ec                _read
 .text._write   0x0000000010004208       0x20 CMakeFiles/main.dir/mnt/c/workspace/pico/pico-sdk/src/rp2_common/pico_clib_interface/newlib_interface.c.o
                0x0000000010004208                _write
 .text._close   0x0000000010004228        0x8 CMakeFiles/main.dir/mnt/c/workspace/pico/pico-sdk/src/rp2_common/pico_clib_interface/newlib_interface.c.o
                0x0000000010004228                _close
 .text._lseek   0x0000000010004230        0x8 CMakeFiles/main.dir/mnt/c/workspace/pico/pico-sdk/src/rp2_common/pico_clib_interface/newlib_interface.c.o
                0x0000000010004230                _lseek
 .text._fstat   0x0000000010004238        0x8 CMakeFiles/main.dir/mnt/c/workspace/pico/pico-sdk/src/rp2_common/pico_clib_interface/newlib_interface.c.o
                0x0000000010004238                _fstat
 .text._isatty  0x0000000010004240        0xc CMakeFiles/main.dir/mnt/c/workspace/pico/pico-sdk/src/rp2_common/pico_clib_interface/newlib_interface.c.o
                0x0000000010004240                _isatty
 .text.exit     0x000000001000424c        0x8 CMakeFiles/main.dir/mnt/c/workspace/pico/pico-sdk/src/rp2_common/pico_clib_interface/newlib_interface.c.o
                0x000000001000424c                exit
 .text.__assert_func
                0x0000000010004254       0x34 CMakeFiles/main.dir/mnt/c/workspace/pico/pico-sdk/src/rp2_common/pico_clib_interface/newlib_interface.c.o
                0x0000000010004254                __assert_func
 .text.runtime_init
                0x0000000010004288       0x24 CMakeFiles/main.dir/mnt/c/workspace/pico/pico-sdk/src/rp2_common/pico_clib_interface/newlib_interface.c.o
                0x0000000010004288                runtime_init
 .text.stdio_out_chars_no_crlf
                0x00000000100042ac        0x8 CMakeFiles/main.dir/mnt/c/workspace/pico/pico-sdk/src/rp2_common/pico_stdio/stdio.c.o
 .text.stdio_out_chars_crlf
                0x00000000100042b4       0xac CMakeFiles/main.dir/mnt/c/workspace/pico/pico-sdk/src/rp2_common/pico_stdio/stdio.c.o
 .text.stdio_buffered_printer
                0x0000000010004360       0x60 CMakeFiles/main.dir/mnt/c/workspace/pico/pico-sdk/src/rp2_common/pico_stdio/stdio.c.o
 .text.stdio_put_string
                0x00000000100043c0       0xe8 CMakeFiles/main.dir/mnt/c/workspace/pico/pico-sdk/src/rp2_common/pico_stdio/stdio.c.o
                0x00000000100043c0                stdio_put_string
 .text.stdio_get_until
                0x00000000100044a8       0x7c CMakeFiles/main.dir/mnt/c/workspace/pico/pico-sdk/src/rp2_common/pico_stdio/stdio.c.o
                0x00000000100044a8                stdio_get_until
 .text.stdio_set_driver_enabled
                0x0000000010004524       0x28 CMakeFiles/main.dir/mnt/c/workspace/pico/pico-sdk/src/rp2_common/pico_stdio/stdio.c.o
                0x0000000010004524                stdio_set_driver_enabled
 .text.stdio_init_all
                0x000000001000454c        0x4 CMakeFiles/main.dir/mnt/c/workspace/pico/pico-sdk/src/rp2_common/pico_stdio/stdio.c.o
                0x000000001000454c                stdio_init_all
 .text.__wrap_putchar
                0x0000000010004550       0x7c CMakeFiles/main.dir/mnt/c/workspace/pico/pico-sdk/src/rp2_common/pico_stdio/stdio.c.o
                0x0000000010004550                stdio_putchar
                0x0000000010004550                __wrap_putchar
 .text.__wrap_puts
                0x00000000100045cc       0x3c CMakeFiles/main.dir/mnt/c/workspace/pico/pico-sdk/src/rp2_common/pico_stdio/stdio.c.o
                0x00000000100045cc                __wrap_puts
                0x00000000100045cc                stdio_puts
 .text.__wrap_vprintf
                0x0000000010004608       0xc0 CMakeFiles/main.dir/mnt/c/workspace/pico/pico-sdk/src/rp2_common/pico_stdio/stdio.c.o
                0x0000000010004608                __wrap_vprintf
                0x0000000010004608                stdio_vprintf
 .text.__wrap_printf
                0x00000000100046c8       0x1c CMakeFiles/main.dir/mnt/c/workspace/pico/pico-sdk/src/rp2_common/pico_stdio/stdio.c.o
                0x00000000100046c8                stdio_printf
                0x00000000100046c8                __wrap_printf
 .text.resetd_init
                0x00000000100046e4        0x4 CMakeFiles/main.dir/mnt/c/workspace/pico/pico-sdk/src/rp2_common/pico_stdio_usb/reset_interface.c.o
 .text.resetd_reset
                0x00000000100046e8        0xc CMakeFiles/main.dir/mnt/c/workspace/pico/pico-sdk/src/rp2_common/pico_stdio_usb/reset_interface.c.o
 .text.resetd_open
                0x00000000100046f4       0x28 CMakeFiles/main.dir/mnt/c/workspace/pico/pico-sdk/src/rp2_common/pico_stdio_usb/reset_interface.c.o
 .text.resetd_xfer_cb
                0x000000001000471c        0x4 CMakeFiles/main.dir/mnt/c/workspace/pico/pico-sdk/src/rp2_common/pico_stdio_usb/reset_interface.c.o
 .text.resetd_control_xfer_cb
                0x0000000010004720       0x54 CMakeFiles/main.dir/mnt/c/workspace/pico/pico-sdk/src/rp2_common/pico_stdio_usb/reset_interface.c.o
 .text.tud_descriptor_bos_cb
                0x0000000010004774        0x8 CMakeFiles/main.dir/mnt/c/workspace/pico/pico-sdk/src/rp2_common/pico_stdio_usb/reset_interface.c.o
                0x0000000010004774                tud_descriptor_bos_cb
 .text.tud_vendor_control_xfer_cb
                0x000000001000477c       0x28 CMakeFiles/main.dir/mnt/c/workspace/pico/pico-sdk/src/rp2_common/pico_stdio_usb/reset_interface.c.o
                0x000000001000477c                tud_vendor_control_xfer_cb
 .text.usbd_app_driver_get_cb
                0x00000000100047a4       0x10 CMakeFiles/main.dir/mnt/c/workspace/pico/pico-sdk/src/rp2_common/pico_stdio_usb/reset_interface.c.o
                0x00000000100047a4                usbd_app_driver_get_cb
 .text.tud_cdc_line_coding_cb
                0x00000000100047b4       0x18 CMakeFiles/main.dir/mnt/c/workspace/pico/pico-sdk/src/rp2_common/pico_stdio_usb/reset_interface.c.o
                0x00000000100047b4                tud_cdc_line_coding_cb
 .text.stdio_usb_set_chars_available_callback
                0x00000000100047cc       0x14 CMakeFiles/main.dir/mnt/c/workspace/pico/pico-sdk/src/rp2_common/pico_stdio_usb/stdio_usb.c.o
                0x00000000100047cc                stdio_usb_set_chars_available_callback
 .text.timer_task
                0x00000000100047e0       0x70 CMakeFiles/main.dir/mnt/c/workspace/pico/pico-sdk/src/rp2_common/pico_stdio_usb/stdio_usb.c.o
 .text.usb_irq  0x0000000010004850        0xc CMakeFiles/main.dir/mnt/c/workspace/pico/pico-sdk/src/rp2_common/pico_stdio_usb/stdio_usb.c.o
 .text.stdio_usb_in_chars
                0x000000001000485c       0x84 CMakeFiles/main.dir/mnt/c/workspace/pico/pico-sdk/src/rp2_common/pico_stdio_usb/stdio_usb.c.o
                0x000000001000485c                stdio_usb_in_chars
 .text.stdio_usb_out_flush
                0x00000000100048e0       0x4c CMakeFiles/main.dir/mnt/c/workspace/pico/pico-sdk/src/rp2_common/pico_stdio_usb/stdio_usb.c.o
 .text.stdio_usb_out_chars
                0x000000001000492c       0xf0 CMakeFiles/main.dir/mnt/c/workspace/pico/pico-sdk/src/rp2_common/pico_stdio_usb/stdio_usb.c.o
 .text.low_priority_worker_irq
                0x0000000010004a1c       0xc8 CMakeFiles/main.dir/mnt/c/workspace/pico/pico-sdk/src/rp2_common/pico_stdio_usb/stdio_usb.c.o
 .text.stdio_usb_init
                0x0000000010004ae4       0xdc CMakeFiles/main.dir/mnt/c/workspace/pico/pico-sdk/src/rp2_common/pico_stdio_usb/stdio_usb.c.o
                0x0000000010004ae4                stdio_usb_init
 .text.tud_descriptor_device_cb
                0x0000000010004bc0        0x8 CMakeFiles/main.dir/mnt/c/workspace/pico/pico-sdk/src/rp2_common/pico_stdio_usb/stdio_usb_descriptors.c.o
                0x0000000010004bc0                tud_descriptor_device_cb
 .text.tud_descriptor_configuration_cb
                0x0000000010004bc8        0x8 CMakeFiles/main.dir/mnt/c/workspace/pico/pico-sdk/src/rp2_common/pico_stdio_usb/stdio_usb_descriptors.c.o
                0x0000000010004bc8                tud_descriptor_configuration_cb
 .text.tud_descriptor_string_cb
                0x0000000010004bd0       0x78 CMakeFiles/main.dir/mnt/c/workspace/pico/pico-sdk/src/rp2_common/pico_stdio_usb/stdio_usb_descriptors.c.o
                0x0000000010004bd0                tud_descriptor_string_cb
 .text.startup._retrieve_unique_id_on_boot
                0x0000000010004c48       0x30 CMakeFiles/main.dir/mnt/c/workspace/pico/pico-sdk/src/rp2_common/pico_unique_id/unique_id.c.o
 .text.pico_get_unique_board_id_string
                0x0000000010004c78      0x180 CMakeFiles/main.dir/mnt/c/workspace/pico/pico-sdk/src/rp2_common/pico_unique_id/unique_id.c.o
                0x0000000010004c78                pico_get_unique_board_id_string
 .text.dcd_init
                0x0000000010004df8       0x94 CMakeFiles/main.dir/mnt/c/workspace/pico/pico-sdk/lib/tinyusb/src/portable/raspberrypi/rp2040/dcd_rp2040.c.o
                0x0000000010004df8                dcd_init
 .text.dcd_int_enable
                0x0000000010004e8c        0x8 CMakeFiles/main.dir/mnt/c/workspace/pico/pico-sdk/lib/tinyusb/src/portable/raspberrypi/rp2040/dcd_rp2040.c.o
                0x0000000010004e8c                dcd_int_enable
 .text.dcd_set_address
                0x0000000010004e94       0x10 CMakeFiles/main.dir/mnt/c/workspace/pico/pico-sdk/lib/tinyusb/src/portable/raspberrypi/rp2040/dcd_rp2040.c.o
                0x0000000010004e94                dcd_set_address
 .text.dcd_sof_enable
                0x0000000010004ea4       0x1c CMakeFiles/main.dir/mnt/c/workspace/pico/pico-sdk/lib/tinyusb/src/portable/raspberrypi/rp2040/dcd_rp2040.c.o
                0x0000000010004ea4                dcd_sof_enable
 .text.dcd_edpt0_status_complete
                0x0000000010004ec0       0x1c CMakeFiles/main.dir/mnt/c/workspace/pico/pico-sdk/lib/tinyusb/src/portable/raspberrypi/rp2040/dcd_rp2040.c.o
                0x0000000010004ec0                dcd_edpt0_status_complete
 .text.dcd_edpt_open
                0x0000000010004edc      0x110 CMakeFiles/main.dir/mnt/c/workspace/pico/pico-sdk/lib/tinyusb/src/portable/raspberrypi/rp2040/dcd_rp2040.c.o
                0x0000000010004edc                dcd_edpt_open
 .text.dcd_edpt_close_all
                0x0000000010004fec        0x4 CMakeFiles/main.dir/mnt/c/workspace/pico/pico-sdk/lib/tinyusb/src/portable/raspberrypi/rp2040/dcd_rp2040.c.o
                0x0000000010004fec                dcd_edpt_close_all
 .text.dcd_edpt_xfer
                0x0000000010004ff0       0x28 CMakeFiles/main.dir/mnt/c/workspace/pico/pico-sdk/lib/tinyusb/src/portable/raspberrypi/rp2040/dcd_rp2040.c.o
                0x0000000010004ff0                dcd_edpt_xfer
 .text.dcd_edpt_stall
                0x0000000010005018       0x30 CMakeFiles/main.dir/mnt/c/workspace/pico/pico-sdk/lib/tinyusb/src/portable/raspberrypi/rp2040/dcd_rp2040.c.o
                0x0000000010005018                dcd_edpt_stall
 .text.dcd_edpt_clear_stall
                0x0000000010005048       0x2c CMakeFiles/main.dir/mnt/c/workspace/pico/pico-sdk/lib/tinyusb/src/portable/raspberrypi/rp2040/dcd_rp2040.c.o
                0x0000000010005048                dcd_edpt_clear_stall
 .text.rp2040_usb_init
                0x0000000010005074       0x40 CMakeFiles/main.dir/mnt/c/workspace/pico/pico-sdk/lib/tinyusb/src/portable/raspberrypi/rp2040/rp2040_usb.c.o
                0x0000000010005074                rp2040_usb_init
 .text.hw_endpoint_xfer_start
                0x00000000100050b4       0x4c CMakeFiles/main.dir/mnt/c/workspace/pico/pico-sdk/lib/tinyusb/src/portable/raspberrypi/rp2040/rp2040_usb.c.o
                0x00000000100050b4                hw_endpoint_xfer_start
 .text.configuration_reset
                0x0000000010005100       0x8c CMakeFiles/main.dir/mnt/c/workspace/pico/pico-sdk/lib/tinyusb/src/device/usbd.c.o
 .text.tud_event_hook_cb
                0x000000001000518c        0x4 CMakeFiles/main.dir/mnt/c/workspace/pico/pico-sdk/lib/tinyusb/src/device/usbd.c.o
                0x000000001000518c                tud_event_hook_cb
 .text.tud_sof_cb
                0x0000000010005190        0x4 CMakeFiles/main.dir/mnt/c/workspace/pico/pico-sdk/lib/tinyusb/src/device/usbd.c.o
                0x0000000010005190                tud_sof_cb
 .text.tud_descriptor_device_qualifier_cb
                0x0000000010005194        0x4 CMakeFiles/main.dir/mnt/c/workspace/pico/pico-sdk/lib/tinyusb/src/device/usbd.c.o
                0x0000000010005194                tud_descriptor_device_qualifier_cb
 .text.tud_descriptor_other_speed_configuration_cb
                0x0000000010005198        0x4 CMakeFiles/main.dir/mnt/c/workspace/pico/pico-sdk/lib/tinyusb/src/device/usbd.c.o
                0x0000000010005198                tud_descriptor_other_speed_configuration_cb
 .text.tud_mount_cb
                0x000000001000519c        0x4 CMakeFiles/main.dir/mnt/c/workspace/pico/pico-sdk/lib/tinyusb/src/device/usbd.c.o
                0x000000001000519c                tud_mount_cb
 .text.tud_umount_cb
                0x00000000100051a0        0x4 CMakeFiles/main.dir/mnt/c/workspace/pico/pico-sdk/lib/tinyusb/src/device/usbd.c.o
                0x00000000100051a0                tud_umount_cb
 .text.tud_suspend_cb
                0x00000000100051a4        0x4 CMakeFiles/main.dir/mnt/c/workspace/pico/pico-sdk/lib/tinyusb/src/device/usbd.c.o
                0x00000000100051a4                tud_suspend_cb
 .text.tud_resume_cb
                0x00000000100051a8        0x4 CMakeFiles/main.dir/mnt/c/workspace/pico/pico-sdk/lib/tinyusb/src/device/usbd.c.o
                0x00000000100051a8                tud_resume_cb
 .text.tud_mounted
                0x00000000100051ac       0x10 CMakeFiles/main.dir/mnt/c/workspace/pico/pico-sdk/lib/tinyusb/src/device/usbd.c.o
                0x00000000100051ac                tud_mounted
 .text.tud_suspended
                0x00000000100051bc       0x10 CMakeFiles/main.dir/mnt/c/workspace/pico/pico-sdk/lib/tinyusb/src/device/usbd.c.o
                0x00000000100051bc                tud_suspended
 .text.tud_rhport_init
                0x00000000100051cc      0x110 CMakeFiles/main.dir/mnt/c/workspace/pico/pico-sdk/lib/tinyusb/src/device/usbd.c.o
                0x00000000100051cc                tud_rhport_init
 .text.tud_task_ext
                0x00000000100052dc      0x7a4 CMakeFiles/main.dir/mnt/c/workspace/pico/pico-sdk/lib/tinyusb/src/device/usbd.c.o
                0x00000000100052dc                tud_task_ext
 .text.usbd_open_edpt_pair
                0x0000000010005a80       0x9c CMakeFiles/main.dir/mnt/c/workspace/pico/pico-sdk/lib/tinyusb/src/device/usbd.c.o
                0x0000000010005a80                usbd_open_edpt_pair
 .text.usbd_edpt_open
                0x0000000010005b1c       0x44 CMakeFiles/main.dir/mnt/c/workspace/pico/pico-sdk/lib/tinyusb/src/device/usbd.c.o
                0x0000000010005b1c                usbd_edpt_open
 .text.usbd_edpt_claim
                0x0000000010005b60       0x24 CMakeFiles/main.dir/mnt/c/workspace/pico/pico-sdk/lib/tinyusb/src/device/usbd.c.o
                0x0000000010005b60                usbd_edpt_claim
 .text.usbd_edpt_release
                0x0000000010005b84       0x24 CMakeFiles/main.dir/mnt/c/workspace/pico/pico-sdk/lib/tinyusb/src/device/usbd.c.o
                0x0000000010005b84                usbd_edpt_release
 .text.usbd_edpt_xfer
                0x0000000010005ba8       0x70 CMakeFiles/main.dir/mnt/c/workspace/pico/pico-sdk/lib/tinyusb/src/device/usbd.c.o
                0x0000000010005ba8                usbd_edpt_xfer
 .text.tud_control_status
                0x0000000010005c18       0x34 CMakeFiles/main.dir/mnt/c/workspace/pico/pico-sdk/lib/tinyusb/src/device/usbd_control.c.o
                0x0000000010005c18                tud_control_status
 .text.tud_control_xfer
                0x0000000010005c4c       0xcc CMakeFiles/main.dir/mnt/c/workspace/pico/pico-sdk/lib/tinyusb/src/device/usbd_control.c.o
                0x0000000010005c4c                tud_control_xfer
 .text.usbd_control_reset
                0x0000000010005d18       0x14 CMakeFiles/main.dir/mnt/c/workspace/pico/pico-sdk/lib/tinyusb/src/device/usbd_control.c.o
                0x0000000010005d18                usbd_control_reset
 .text.usbd_control_set_complete_callback
                0x0000000010005d2c        0xc CMakeFiles/main.dir/mnt/c/workspace/pico/pico-sdk/lib/tinyusb/src/device/usbd_control.c.o
                0x0000000010005d2c                usbd_control_set_complete_callback
 .text.usbd_control_set_request
                0x0000000010005d38       0x1c CMakeFiles/main.dir/mnt/c/workspace/pico/pico-sdk/lib/tinyusb/src/device/usbd_control.c.o
                0x0000000010005d38                usbd_control_set_request
 .text.usbd_control_xfer_cb
                0x0000000010005d54      0x110 CMakeFiles/main.dir/mnt/c/workspace/pico/pico-sdk/lib/tinyusb/src/device/usbd_control.c.o
                0x0000000010005d54                usbd_control_xfer_cb
 .text._prep_out_transaction.isra.0
                0x0000000010005e64       0x78 CMakeFiles/main.dir/mnt/c/workspace/pico/pico-sdk/lib/tinyusb/src/class/cdc/cdc_device.c.o
 .text.tud_cdc_n_connected
                0x0000000010005edc       0x2c CMakeFiles/main.dir/mnt/c/workspace/pico/pico-sdk/lib/tinyusb/src/class/cdc/cdc_device.c.o
                0x0000000010005edc                tud_cdc_n_connected
 .text.tud_cdc_n_available
                0x0000000010005f08       0x18 CMakeFiles/main.dir/mnt/c/workspace/pico/pico-sdk/lib/tinyusb/src/class/cdc/cdc_device.c.o
                0x0000000010005f08                tud_cdc_n_available
 .text.tud_cdc_n_read
                0x0000000010005f20       0x90 CMakeFiles/main.dir/mnt/c/workspace/pico/pico-sdk/lib/tinyusb/src/class/cdc/cdc_device.c.o
                0x0000000010005f20                tud_cdc_n_read
 .text.tud_cdc_n_write_flush
                0x0000000010005fb0       0x88 CMakeFiles/main.dir/mnt/c/workspace/pico/pico-sdk/lib/tinyusb/src/class/cdc/cdc_device.c.o
                0x0000000010005fb0                tud_cdc_n_write_flush
 .text.tud_cdc_n_write
                0x0000000010006038       0x48 CMakeFiles/main.dir/mnt/c/workspace/pico/pico-sdk/lib/tinyusb/src/class/cdc/cdc_device.c.o
                0x0000000010006038                tud_cdc_n_write
 .text.tud_cdc_n_write_available
                0x0000000010006080       0x18 CMakeFiles/main.dir/mnt/c/workspace/pico/pico-sdk/lib/tinyusb/src/class/cdc/cdc_device.c.o
                0x0000000010006080                tud_cdc_n_write_available
 .text.cdcd_init
                0x0000000010006098       0x70 CMakeFiles/main.dir/mnt/c/workspace/pico/pico-sdk/lib/tinyusb/src/class/cdc/cdc_device.c.o
                0x0000000010006098                cdcd_init
 .text.cdcd_deinit
                0x0000000010006108       0x20 CMakeFiles/main.dir/mnt/c/workspace/pico/pico-sdk/lib/tinyusb/src/class/cdc/cdc_device.c.o
                0x0000000010006108                cdcd_deinit
 .text.cdcd_reset
                0x0000000010006128       0x4c CMakeFiles/main.dir/mnt/c/workspace/pico/pico-sdk/lib/tinyusb/src/class/cdc/cdc_device.c.o
                0x0000000010006128                cdcd_reset
 .text.cdcd_open
                0x0000000010006174       0xbc CMakeFiles/main.dir/mnt/c/workspace/pico/pico-sdk/lib/tinyusb/src/class/cdc/cdc_device.c.o
                0x0000000010006174                cdcd_open
 .text.cdcd_control_xfer_cb
                0x0000000010006230       0xc8 CMakeFiles/main.dir/mnt/c/workspace/pico/pico-sdk/lib/tinyusb/src/class/cdc/cdc_device.c.o
                0x0000000010006230                cdcd_control_xfer_cb
 .text.cdcd_xfer_cb
                0x00000000100062f8      0x100 CMakeFiles/main.dir/mnt/c/workspace/pico/pico-sdk/lib/tinyusb/src/class/cdc/cdc_device.c.o
                0x00000000100062f8                cdcd_xfer_cb
 .text.vendord_init
                0x00000000100063f8       0x5c CMakeFiles/main.dir/mnt/c/workspace/pico/pico-sdk/lib/tinyusb/src/class/vendor/vendor_device.c.o
                0x00000000100063f8                vendord_init
 .text.vendord_deinit
                0x0000000010006454       0x1c CMakeFiles/main.dir/mnt/c/workspace/pico/pico-sdk/lib/tinyusb/src/class/vendor/vendor_device.c.o
                0x0000000010006454                vendord_deinit
 .text.vendord_reset
                0x0000000010006470       0x24 CMakeFiles/main.dir/mnt/c/workspace/pico/pico-sdk/lib/tinyusb/src/class/vendor/vendor_device.c.o
                0x0000000010006470                vendord_reset
 .text.vendord_open
                0x0000000010006494       0xfc CMakeFiles/main.dir/mnt/c/workspace/pico/pico-sdk/lib/tinyusb/src/class/vendor/vendor_device.c.o
                0x0000000010006494                vendord_open
 .text.vendord_xfer_cb
                0x0000000010006590       0x8c CMakeFiles/main.dir/mnt/c/workspace/pico/pico-sdk/lib/tinyusb/src/class/vendor/vendor_device.c.o
                0x0000000010006590                vendord_xfer_cb
 .text.tusb_rhport_init
                0x000000001000661c       0x74 CMakeFiles/main.dir/mnt/c/workspace/pico/pico-sdk/lib/tinyusb/src/tusb.c.o
                0x000000001000661c                tusb_rhport_init
 .text.tu_edpt_claim
                0x0000000010006690       0x54 CMakeFiles/main.dir/mnt/c/workspace/pico/pico-sdk/lib/tinyusb/src/tusb.c.o
                0x0000000010006690                tu_edpt_claim
 .text.tu_edpt_release
                0x00000000100066e4       0x38 CMakeFiles/main.dir/mnt/c/workspace/pico/pico-sdk/lib/tinyusb/src/tusb.c.o
                0x00000000100066e4                tu_edpt_release
 .text.tu_edpt_validate
                0x000000001000671c       0x68 CMakeFiles/main.dir/mnt/c/workspace/pico/pico-sdk/lib/tinyusb/src/tusb.c.o
                0x000000001000671c                tu_edpt_validate
 .text.tu_edpt_bind_driver
                0x0000000010006784       0x58 CMakeFiles/main.dir/mnt/c/workspace/pico/pico-sdk/lib/tinyusb/src/tusb.c.o
                0x0000000010006784                tu_edpt_bind_driver
 .text.tu_edpt_stream_init
                0x00000000100067dc       0x58 CMakeFiles/main.dir/mnt/c/workspace/pico/pico-sdk/lib/tinyusb/src/tusb.c.o
                0x00000000100067dc                tu_edpt_stream_init
 .text.tu_edpt_stream_deinit
                0x0000000010006834        0x4 CMakeFiles/main.dir/mnt/c/workspace/pico/pico-sdk/lib/tinyusb/src/tusb.c.o
                0x0000000010006834                tu_edpt_stream_deinit
 .text.tu_edpt_stream_write_zlp_if_needed
                0x0000000010006838       0x68 CMakeFiles/main.dir/mnt/c/workspace/pico/pico-sdk/lib/tinyusb/src/tusb.c.o
                0x0000000010006838                tu_edpt_stream_write_zlp_if_needed
 .text.tu_edpt_stream_write_xfer
                0x00000000100068a0       0x74 CMakeFiles/main.dir/mnt/c/workspace/pico/pico-sdk/lib/tinyusb/src/tusb.c.o
                0x00000000100068a0                tu_edpt_stream_write_xfer
 .text.tu_edpt_stream_read_xfer
                0x0000000010006914       0xd4 CMakeFiles/main.dir/mnt/c/workspace/pico/pico-sdk/lib/tinyusb/src/tusb.c.o
                0x0000000010006914                tu_edpt_stream_read_xfer
 .text.tu_fifo_config
                0x00000000100069e8       0x64 CMakeFiles/main.dir/mnt/c/workspace/pico/pico-sdk/lib/tinyusb/src/common/tusb_fifo.c.o
                0x00000000100069e8                tu_fifo_config
 .text.tu_fifo_count
                0x0000000010006a4c       0x20 CMakeFiles/main.dir/mnt/c/workspace/pico/pico-sdk/lib/tinyusb/src/common/tusb_fifo.c.o
                0x0000000010006a4c                tu_fifo_count
 .text.tu_fifo_empty
                0x0000000010006a6c       0x14 CMakeFiles/main.dir/mnt/c/workspace/pico/pico-sdk/lib/tinyusb/src/common/tusb_fifo.c.o
                0x0000000010006a6c                tu_fifo_empty
 .text.tu_fifo_remaining
                0x0000000010006a80       0x24 CMakeFiles/main.dir/mnt/c/workspace/pico/pico-sdk/lib/tinyusb/src/common/tusb_fifo.c.o
                0x0000000010006a80                tu_fifo_remaining
 .text.tu_fifo_read
                0x0000000010006aa4       0x94 CMakeFiles/main.dir/mnt/c/workspace/pico/pico-sdk/lib/tinyusb/src/common/tusb_fifo.c.o
                0x0000000010006aa4                tu_fifo_read
 .text.tu_fifo_read_n
                0x0000000010006b38       0xd4 CMakeFiles/main.dir/mnt/c/workspace/pico/pico-sdk/lib/tinyusb/src/common/tusb_fifo.c.o
                0x0000000010006b38                tu_fifo_read_n
 .text.tu_fifo_write
                0x0000000010006c0c       0x84 CMakeFiles/main.dir/mnt/c/workspace/pico/pico-sdk/lib/tinyusb/src/common/tusb_fifo.c.o
                0x0000000010006c0c                tu_fifo_write
 .text.tu_fifo_write_n
                0x0000000010006c90      0x15c CMakeFiles/main.dir/mnt/c/workspace/pico/pico-sdk/lib/tinyusb/src/common/tusb_fifo.c.o
                0x0000000010006c90                tu_fifo_write_n
 .text.tu_fifo_clear
                0x0000000010006dec       0x38 CMakeFiles/main.dir/mnt/c/workspace/pico/pico-sdk/lib/tinyusb/src/common/tusb_fifo.c.o
                0x0000000010006dec                tu_fifo_clear
 .text.tu_fifo_set_overwritable
                0x0000000010006e24       0x3c CMakeFiles/main.dir/mnt/c/workspace/pico/pico-sdk/lib/tinyusb/src/common/tusb_fifo.c.o
                0x0000000010006e24                tu_fifo_set_overwritable
 .text.adc_init
                0x0000000010006e60       0x30 CMakeFiles/main.dir/mnt/c/workspace/pico/pico-sdk/src/rp2_common/hardware_adc/adc.c.o
                0x0000000010006e60                adc_init
 .text.dma_claim_unused_channel
                0x0000000010006e90       0x20 CMakeFiles/main.dir/mnt/c/workspace/pico/pico-sdk/src/rp2_common/hardware_dma/dma.c.o
                0x0000000010006e90                dma_claim_unused_channel
 .text.uss_init
                0x0000000010006eb0       0x34 ../lib/libuss_lib.a(adc.c.o)
                0x0000000010006eb0                uss_init
 .text.send_receive_uss
                0x0000000010006ee4       0x1c ../lib/libuss_lib.a(adc.c.o)
                0x0000000010006ee4                send_receive_uss
 .text.filter_butterworth_biquad_postprocessing
                0x0000000010006f00      0x12c ../lib/libuss_lib.a(filter.c.o)
                0x0000000010006f00                filter_butterworth_biquad_postprocessing
 .text.dma_capture_config
                0x000000001000702c       0xc0 ../lib/libuss_lib.a(dma.c.o)
                0x000000001000702c                dma_capture_config
 .text.dma_capture_start
                0x00000000100070ec       0x88 ../lib/libuss_lib.a(dma.c.o)
                0x00000000100070ec                dma_capture_start
 .text.send_data_serial_float
                0x0000000010007174       0x70 ../lib/libuss_lib.a(serial.c.o)
                0x0000000010007174                send_data_serial_float
 *fill*         0x00000000100071e4        0x4 
 .text.ifft_n.part.0
                0x00000000100071e8      0x274 ../lib/libuss_lib.a(fft.c.o)
 *fill*         0x000000001000745c        0x4 
 .text.fft_n.part.0
                0x0000000010007460      0x28c ../lib/libuss_lib.a(fft.c.o)
 .text.get_fft_size
                0x00000000100076ec       0x34 ../lib/libuss_lib.a(fft.c.o)
                0x00000000100076ec                get_fft_size
 .text.padd_signal
                0x0000000010007720       0x20 ../lib/libuss_lib.a(fft.c.o)
                0x0000000010007720                padd_signal
 .text.compute_analytic_signal
                0x0000000010007740       0xa4 ../lib/libuss_lib.a(fft.c.o)
                0x0000000010007740                compute_analytic_signal
 .text.compute_envelope
                0x00000000100077e4       0x6c ../lib/libuss_lib.a(fft.c.o)
                0x00000000100077e4                compute_envelope
 .text          0x0000000010007850       0x60 /usr/lib/gcc/arm-none-eabi/10.3.1/../../../arm-none-eabi/lib/thumb/v8-m.main+fp/softfp/libg.a(lib_a-callocr.o)
                0x0000000010007850                _calloc_r
 .text          0x00000000100078b0        0xc /usr/lib/gcc/arm-none-eabi/10.3.1/../../../arm-none-eabi/lib/thumb/v8-m.main+fp/softfp/libg.a(lib_a-errno.o)
                0x00000000100078b0                __errno
 .text          0x00000000100078bc       0x20 /usr/lib/gcc/arm-none-eabi/10.3.1/../../../arm-none-eabi/lib/thumb/v8-m.main+fp/softfp/libg.a(lib_a-malloc.o)
                0x00000000100078bc                malloc
                0x00000000100078cc                free
 .text          0x00000000100078dc      0x56c /usr/lib/gcc/arm-none-eabi/10.3.1/../../../arm-none-eabi/lib/thumb/v8-m.main+fp/softfp/libg.a(lib_a-mallocr.o)
                0x00000000100078dc                _malloc_r
 .text          0x0000000010007e48       0xec /usr/lib/gcc/arm-none-eabi/10.3.1/../../../arm-none-eabi/lib/thumb/v8-m.main+fp/softfp/libg.a(lib_a-memcpy.o)
                0x0000000010007e48                memcpy
 .text          0x0000000010007f34       0xa4 /usr/lib/gcc/arm-none-eabi/10.3.1/../../../arm-none-eabi/lib/thumb/v8-m.main+fp/softfp/libg.a(lib_a-memset.o)
                0x0000000010007f34                memset
 .text          0x0000000010007fd8        0x8 /usr/lib/gcc/arm-none-eabi/10.3.1/../../../arm-none-eabi/lib/thumb/v8-m.main+fp/softfp/libg.a(lib_a-mlock.o)
                0x0000000010007fd8                __malloc_lock
                0x0000000010007fdc                __malloc_unlock
 .text          0x0000000010007fe0      0x3e8 /usr/lib/gcc/arm-none-eabi/10.3.1/../../../arm-none-eabi/lib/thumb/v8-m.main+fp/softfp/libg.a(lib_a-reallocr.o)
                0x0000000010007fe0                _realloc_r
 .text          0x00000000100083c8       0x24 /usr/lib/gcc/arm-none-eabi/10.3.1/../../../arm-none-eabi/lib/thumb/v8-m.main+fp/softfp/libg.a(lib_a-sbrkr.o)
                0x00000000100083c8                _sbrk_r
 .text          0x00000000100083ec       0x48 /usr/lib/gcc/arm-none-eabi/10.3.1/../../../arm-none-eabi/lib/thumb/v8-m.main+fp/softfp/libg.a(lib_a-scanf.o)
                0x00000000100083ec                scanf
                0x0000000010008414                _scanf_r
 .text          0x0000000010008434       0x5c /usr/lib/gcc/arm-none-eabi/10.3.1/../../../arm-none-eabi/lib/thumb/v8-m.main+fp/softfp/libg.a(lib_a-strlen-stub.o)
                0x0000000010008434                strlen
 .text          0x0000000010008490     0x10f0 /usr/lib/gcc/arm-none-eabi/10.3.1/../../../arm-none-eabi/lib/thumb/v8-m.main+fp/softfp/libg.a(lib_a-vfscanf.o)
                0x0000000010008490                __svfscanf_r
                0x0000000010009500                vfscanf
                0x0000000010009534                __svfscanf
                0x000000001000954c                _vfscanf_r
 .text          0x0000000010009580      0x218 /usr/lib/gcc/arm-none-eabi/10.3.1/../../../arm-none-eabi/lib/thumb/v8-m.main+fp/softfp/libg.a(lib_a-findfp.o)
                0x0000000010009584                _cleanup_r
                0x000000001000966c                __sfmoreglue
                0x000000001000969c                __sfp
                0x0000000010009744                _cleanup
                0x0000000010009758                __sinit
                0x0000000010009760                __sfp_lock_acquire
                0x0000000010009764                __sfp_lock_release
                0x0000000010009768                __sinit_lock_acquire
                0x000000001000976c                __sinit_lock_release
                0x0000000010009770                __fp_lock_all
                0x0000000010009784                __fp_unlock_all
 .text          0x0000000010009798      0x180 /usr/lib/gcc/arm-none-eabi/10.3.1/../../../arm-none-eabi/lib/thumb/v8-m.main+fp/softfp/libg.a(lib_a-fread.o)
                0x0000000010009798                _fread_r
                0x00000000100098f8                fread
 .text          0x0000000010009918      0x2ac /usr/lib/gcc/arm-none-eabi/10.3.1/../../../arm-none-eabi/lib/thumb/v8-m.main+fp/softfp/libg.a(lib_a-freer.o)
                0x0000000010009918                _malloc_trim_r
                0x00000000100099b8                _free_r
 .text          0x0000000010009bc4       0x84 /usr/lib/gcc/arm-none-eabi/10.3.1/../../../arm-none-eabi/lib/thumb/v8-m.main+fp/softfp/libg.a(lib_a-fwalk.o)
                0x0000000010009bc4                _fwalk
                0x0000000010009c04                _fwalk_reent
 .text          0x0000000010009c48        0x8 /usr/lib/gcc/arm-none-eabi/10.3.1/../../../arm-none-eabi/lib/thumb/v8-m.main+fp/softfp/libg.a(lib_a-iswspace.o)
                0x0000000010009c48                iswspace
 .text          0x0000000010009c50       0x18 /usr/lib/gcc/arm-none-eabi/10.3.1/../../../arm-none-eabi/lib/thumb/v8-m.main+fp/softfp/libg.a(lib_a-iswspace_l.o)
                0x0000000010009c50                iswspace_l
 .text          0x0000000010009c68       0x8c /usr/lib/gcc/arm-none-eabi/10.3.1/../../../arm-none-eabi/lib/thumb/v8-m.main+fp/softfp/libg.a(lib_a-locale.o)
                0x0000000010009c68                _setlocale_r
                0x0000000010009ca8                __locale_mb_cur_max
                0x0000000010009cb4                setlocale
 .text          0x0000000010009cf4       0x14 /usr/lib/gcc/arm-none-eabi/10.3.1/../../../arm-none-eabi/lib/thumb/v8-m.main+fp/softfp/libg.a(lib_a-localeconv.o)
                0x0000000010009cf4                __localeconv_l
                0x0000000010009cf8                _localeconv_r
                0x0000000010009d00                localeconv
 .text          0x0000000010009d08       0x98 /usr/lib/gcc/arm-none-eabi/10.3.1/../../../arm-none-eabi/lib/thumb/v8-m.main+fp/softfp/libg.a(lib_a-mbrtowc.o)
                0x0000000010009d08                _mbrtowc_r
                0x0000000010009d4c                mbrtowc
 .text          0x0000000010009da0       0x40 /usr/lib/gcc/arm-none-eabi/10.3.1/../../../arm-none-eabi/lib/thumb/v8-m.main+fp/softfp/libg.a(lib_a-mbtowc_r.o)
                0x0000000010009da0                _mbtowc_r
                0x0000000010009db4                __ascii_mbtowc
 .text          0x0000000010009de0       0xf8 /usr/lib/gcc/arm-none-eabi/10.3.1/../../../arm-none-eabi/lib/thumb/v8-m.main+fp/softfp/libg.a(lib_a-memmove.o)
                0x0000000010009de0                memmove
 .text          0x0000000010009ed8      0x12c /usr/lib/gcc/arm-none-eabi/10.3.1/../../../arm-none-eabi/lib/thumb/v8-m.main+fp/softfp/libg.a(lib_a-refill.o)
                0x0000000010009eec                __srefill_r
 .text          0x000000001000a004       0x90 /usr/lib/gcc/arm-none-eabi/10.3.1/../../../arm-none-eabi/lib/thumb/v8-m.main+fp/softfp/libg.a(lib_a-sccl.o)
                0x000000001000a004                __sccl
 .text          0x000000001000a094        0x8 /usr/lib/gcc/arm-none-eabi/10.3.1/../../../arm-none-eabi/lib/thumb/v8-m.main+fp/softfp/libg.a(lib_a-sf_nan.o)
                0x000000001000a094                nanf
 .text          0x000000001000a09c       0x94 /usr/lib/gcc/arm-none-eabi/10.3.1/../../../arm-none-eabi/lib/thumb/v8-m.main+fp/softfp/libg.a(lib_a-stdio.o)
                0x000000001000a09c                __sread
                0x000000001000a0c0                __seofread
                0x000000001000a0c4                __swrite
                0x000000001000a104                __sseek
                0x000000001000a128                __sclose
 .text          0x000000001000a130      0x1bc /usr/lib/gcc/arm-none-eabi/10.3.1/../../../arm-none-eabi/lib/thumb/v8-m.main+fp/softfp/libg.a(lib_a-strcmp.o)
                0x000000001000a130                strcmp
 .text          0x000000001000a2ec       0x78 /usr/lib/gcc/arm-none-eabi/10.3.1/../../../arm-none-eabi/lib/thumb/v8-m.main+fp/softfp/libg.a(lib_a-strncmp.o)
                0x000000001000a2ec                strncmp
 *fill*         0x000000001000a364        0x4 
 .text          0x000000001000a368     0x10ec /usr/lib/gcc/arm-none-eabi/10.3.1/../../../arm-none-eabi/lib/thumb/v8-m.main+fp/softfp/libg.a(lib_a-strtod.o)
                0x000000001000a368                _strtod_l
                0x000000001000b2b0                _strtod_r
                0x000000001000b2bc                strtod_l
                0x000000001000b2d4                strtod
                0x000000001000b2f0                strtof_l
                0x000000001000b3a0                strtof
 .text          0x000000001000b454      0x174 /usr/lib/gcc/arm-none-eabi/10.3.1/../../../arm-none-eabi/lib/thumb/v8-m.main+fp/softfp/libg.a(lib_a-strtol.o)
                0x000000001000b558                _strtol_r
                0x000000001000b570                strtol_l
                0x000000001000b59c                strtol
 .text          0x000000001000b5c8      0x190 /usr/lib/gcc/arm-none-eabi/10.3.1/../../../arm-none-eabi/lib/thumb/v8-m.main+fp/softfp/libg.a(lib_a-strtoll.o)
                0x000000001000b724                _strtoll_r
                0x000000001000b728                strtoll_l
                0x000000001000b740                strtoll
 .text          0x000000001000b758      0x148 /usr/lib/gcc/arm-none-eabi/10.3.1/../../../arm-none-eabi/lib/thumb/v8-m.main+fp/softfp/libg.a(lib_a-strtoul.o)
                0x000000001000b86c                _strtoul_r
                0x000000001000b870                strtoul_l
                0x000000001000b888                strtoul
 .text          0x000000001000b8a0      0x1ac /usr/lib/gcc/arm-none-eabi/10.3.1/../../../arm-none-eabi/lib/thumb/v8-m.main+fp/softfp/libg.a(lib_a-strtoull.o)
                0x000000001000ba18                _strtoull_r
                0x000000001000ba1c                strtoull_l
                0x000000001000ba34                strtoull
 .text          0x000000001000ba4c      0x164 /usr/lib/gcc/arm-none-eabi/10.3.1/../../../arm-none-eabi/lib/thumb/v8-m.main+fp/softfp/libg.a(lib_a-ungetc.o)
                0x000000001000ba4c                __submore
                0x000000001000bac4                _ungetc_r
                0x000000001000bba0                ungetc
 .text          0x000000001000bbb0       0x30 /usr/lib/gcc/arm-none-eabi/10.3.1/../../../arm-none-eabi/lib/thumb/v8-m.main+fp/softfp/libg.a(lib_a-wctomb_r.o)
                0x000000001000bbb0                _wctomb_r
                0x000000001000bbc4                __ascii_wctomb
 .text          0x000000001000bbe0       0x2c /usr/lib/gcc/arm-none-eabi/10.3.1/../../../arm-none-eabi/lib/thumb/v8-m.main+fp/softfp/libg.a(lib_a-writer.o)
                0x000000001000bbe0                _write_r
 .text          0x000000001000bc0c       0x24 /usr/lib/gcc/arm-none-eabi/10.3.1/../../../arm-none-eabi/lib/thumb/v8-m.main+fp/softfp/libg.a(lib_a-closer.o)
                0x000000001000bc0c                _close_r
 .text          0x000000001000bc30       0xd4 /usr/lib/gcc/arm-none-eabi/10.3.1/../../../arm-none-eabi/lib/thumb/v8-m.main+fp/softfp/libg.a(lib_a-fclose.o)
                0x000000001000bc94                _fclose_r
                0x000000001000bcc8                fclose
 .text          0x000000001000bd04      0x1c4 /usr/lib/gcc/arm-none-eabi/10.3.1/../../../arm-none-eabi/lib/thumb/v8-m.main+fp/softfp/libg.a(lib_a-fflush.o)
                0x000000001000bd04                __sflush_r
                0x000000001000be4c                _fflush_r
                0x000000001000be78                fflush
 .text          0x000000001000bec8      0x694 /usr/lib/gcc/arm-none-eabi/10.3.1/../../../arm-none-eabi/lib/thumb/v8-m.main+fp/softfp/libg.a(lib_a-gdtoa-gethex.o)
                0x000000001000bf70                __gethex
 .text          0x000000001000c55c      0x1ec /usr/lib/gcc/arm-none-eabi/10.3.1/../../../arm-none-eabi/lib/thumb/v8-m.main+fp/softfp/libg.a(lib_a-gdtoa-hexnan.o)
                0x000000001000c55c                __match
                0x000000001000c590                __hexnan
 .text          0x000000001000c748       0x2c /usr/lib/gcc/arm-none-eabi/10.3.1/../../../arm-none-eabi/lib/thumb/v8-m.main+fp/softfp/libg.a(lib_a-lseekr.o)
                0x000000001000c748                _lseek_r
 .text          0x000000001000c774      0x140 /usr/lib/gcc/arm-none-eabi/10.3.1/../../../arm-none-eabi/lib/thumb/v8-m.main+fp/softfp/libg.a(lib_a-makebuf.o)
                0x000000001000c774                __smakebuf_r
                0x000000001000c854                __swhatbuf_r
 .text          0x000000001000c8b4      0xa80 /usr/lib/gcc/arm-none-eabi/10.3.1/../../../arm-none-eabi/lib/thumb/v8-m.main+fp/softfp/libg.a(lib_a-mprec.o)
                0x000000001000c8b4                _Balloc
                0x000000001000c900                _Bfree
                0x000000001000c914                __multadd
                0x000000001000c9bc                __s2b
                0x000000001000ca6c                __hi0bits
                0x000000001000cab0                __lo0bits
                0x000000001000cb10                __i2b
                0x000000001000cb6c                __multiply
                0x000000001000cccc                __pow5mult
                0x000000001000cd8c                __lshift
                0x000000001000ce74                __mcmp
                0x000000001000ceb8                __mdiff
                0x000000001000d000                __ulp
                0x000000001000d048                __b2d
                0x000000001000d118                __d2b
                0x000000001000d1e0                __ratio
                0x000000001000d23c                _mprec_log10
                0x000000001000d274                __copybits
                0x000000001000d2d0                __any_on
 .text          0x000000001000d334       0x2c /usr/lib/gcc/arm-none-eabi/10.3.1/../../../arm-none-eabi/lib/thumb/v8-m.main+fp/softfp/libg.a(lib_a-readr.o)
                0x000000001000d334                _read_r
 .text          0x000000001000d360        0xc /usr/lib/gcc/arm-none-eabi/10.3.1/../../../arm-none-eabi/lib/thumb/v8-m.main+fp/softfp/libg.a(lib_a-s_nan.o)
                0x000000001000d360                nan
 .text          0x000000001000d36c       0x2c /usr/lib/gcc/arm-none-eabi/10.3.1/../../../arm-none-eabi/lib/thumb/v8-m.main+fp/softfp/libg.a(lib_a-fstatr.o)
                0x000000001000d36c                _fstat_r
 .text          0x000000001000d398       0x24 /usr/lib/gcc/arm-none-eabi/10.3.1/../../../arm-none-eabi/lib/thumb/v8-m.main+fp/softfp/libg.a(lib_a-isattyr.o)
                0x000000001000d398                _isatty_r
 *(.fini)
 .fini          0x000000001000d3bc        0x4 /usr/lib/gcc/arm-none-eabi/10.3.1/thumb/v8-m.main+fp/softfp/crti.o
                0x000000001000d3bc                _fini
 .fini.__stub   0x000000001000d3c0       0x68 linker stubs
 *crtbegin.o(.ctors)
 *crtbegin?.o(.ctors)
 *(EXCLUDE_FILE(*crtend.o *crtend?.o) .ctors)
 *(SORT_BY_NAME(.ctors.*))
 *(.ctors)
 *crtbegin.o(.dtors)
 *crtbegin?.o(.dtors)
 *(EXCLUDE_FILE(*crtend.o *crtend?.o) .dtors)
 *(SORT_BY_NAME(.dtors.*))
 *(.dtors)
                0x000000001000d428                . = ALIGN (0x4)
                0x000000001000d428                PROVIDE (__preinit_array_start = .)
 *(SORT_BY_NAME(.preinit_array.*))
 .preinit_array.00050
                0x000000001000d428        0x4 CMakeFiles/main.dir/mnt/c/workspace/pico/pico-sdk/src/rp2_common/pico_runtime_init/runtime_init.c.o
                0x000000001000d428                __pre_init_runtime_init_bootrom_reset
 .preinit_array.00100
                0x000000001000d42c        0x4 CMakeFiles/main.dir/mnt/c/workspace/pico/pico-sdk/src/rp2_common/pico_runtime_init/runtime_init.c.o
                0x000000001000d42c                __pre_init_runtime_init_early_resets
 .preinit_array.00101
                0x000000001000d430        0x4 CMakeFiles/main.dir/mnt/c/workspace/pico/pico-sdk/src/rp2_common/pico_runtime_init/runtime_init.c.o
                0x000000001000d430                __pre_init_runtime_init_usb_power_down
 .preinit_array.00500
                0x000000001000d434        0x4 CMakeFiles/main.dir/mnt/c/workspace/pico/pico-sdk/src/rp2_common/pico_runtime_init/runtime_init.c.o
                0x000000001000d434                __pre_init_runtime_init_clocks
 .preinit_array.00600
                0x000000001000d438        0x4 CMakeFiles/main.dir/mnt/c/workspace/pico/pico-sdk/src/rp2_common/pico_runtime_init/runtime_init.c.o
                0x000000001000d438                __pre_init_runtime_init_post_clock_resets
 .preinit_array.01000
                0x000000001000d43c        0x4 CMakeFiles/main.dir/mnt/c/workspace/pico/pico-sdk/src/rp2_common/hardware_boot_lock/boot_lock.c.o
                0x000000001000d43c                __pre_init_runtime_init_boot_locks_reset
 .preinit_array.01000
                0x000000001000d440        0x4 CMakeFiles/main.dir/mnt/c/workspace/pico/pico-sdk/src/rp2_common/pico_runtime_init/runtime_init.c.o
                0x000000001000d440                __pre_init_runtime_init_spin_locks_reset
 .preinit_array.01010
                0x000000001000d444        0x4 CMakeFiles/main.dir/mnt/c/workspace/pico/pico-sdk/src/rp2_common/pico_bootrom/bootrom_lock.c.o
                0x000000001000d444                __pre_init_runtime_init_bootrom_locking_enable
 .preinit_array.01100
                0x000000001000d448        0x4 CMakeFiles/main.dir/mnt/c/workspace/pico/pico-sdk/src/common/pico_sync/mutex.c.o
                0x000000001000d448                __pre_init_runtime_init_mutex
 .preinit_array.10080
                0x000000001000d44c        0x4 CMakeFiles/main.dir/mnt/c/workspace/pico/pico-sdk/src/rp2_common/pico_runtime_init/runtime_init.c.o
                0x000000001000d44c                __pre_init_runtime_init_install_ram_vector_table
 .preinit_array.11000
                0x000000001000d450        0x4 CMakeFiles/main.dir/mnt/c/workspace/pico/pico-sdk/src/common/pico_time/time.c.o
                0x000000001000d450                __pre_init_runtime_init_default_alarm_pool
 .preinit_array.YYYYY
                0x000000001000d454        0x4 CMakeFiles/main.dir/mnt/c/workspace/pico/pico-sdk/src/rp2_common/pico_runtime/runtime.c.o
                0x000000001000d454                __pre_init_first_per_core_initializer
 .preinit_array.ZZZZZ.00051
                0x000000001000d458        0x4 CMakeFiles/main.dir/mnt/c/workspace/pico/pico-sdk/src/rp2_common/pico_runtime_init/runtime_init.c.o
                0x000000001000d458                __pre_init_runtime_init_per_core_bootrom_reset
 .preinit_array.ZZZZZ.00200
                0x000000001000d45c        0x4 CMakeFiles/main.dir/mnt/c/workspace/pico/pico-sdk/src/rp2_common/pico_runtime_init/runtime_init.c.o
                0x000000001000d45c                __pre_init_runtime_init_per_core_enable_coprocessors
 .preinit_array.ZZZZZ.01000
                0x000000001000d460        0x4 CMakeFiles/main.dir/mnt/c/workspace/pico/pico-sdk/src/rp2_common/hardware_sync_spin_lock/sync_spin_lock.c.o
                0x000000001000d460                __pre_init_spinlock_set_extexclall
 .preinit_array.ZZZZZ.01200
                0x000000001000d464        0x4 CMakeFiles/main.dir/mnt/c/workspace/pico/pico-sdk/src/rp2_common/hardware_irq/irq.c.o
                0x000000001000d464                __pre_init_runtime_init_per_core_irq_priorities
 *(.preinit_array)
                0x000000001000d468                PROVIDE (__preinit_array_end = .)
                0x000000001000d468                . = ALIGN (0x4)
                0x000000001000d468                PROVIDE (__init_array_start = .)
 *(SORT_BY_NAME(.init_array.*))
 .init_array.01000
                0x000000001000d468        0x4 CMakeFiles/main.dir/mnt/c/workspace/pico/pico-sdk/src/rp2_common/pico_unique_id/unique_id.c.o
 *(.init_array)
 .init_array    0x000000001000d46c        0x4 /usr/lib/gcc/arm-none-eabi/10.3.1/thumb/v8-m.main+fp/softfp/crtbegin.o
                0x000000001000d470                PROVIDE (__init_array_end = .)
                0x000000001000d470                . = ALIGN (0x4)
                0x000000001000d470                PROVIDE (__fini_array_start = .)
 *(SORT_BY_NAME(.fini_array.*))
 *(.fini_array)
                0x000000001000d470                PROVIDE (__fini_array_end = .)
 *(.eh_frame*)
 .eh_frame      0x000000001000d470        0x0 /usr/lib/gcc/arm-none-eabi/10.3.1/thumb/v8-m.main+fp/softfp/crtbegin.o
                0x000000001000d470                . = ALIGN (0x4)

.glue_7         0x000000001000d470        0x0
 .glue_7        0x000000001000d470        0x0 linker stubs

.glue_7t        0x000000001000d470        0x0
 .glue_7t       0x000000001000d470        0x0 linker stubs

.vfp11_veneer   0x000000001000d470        0x0
 .vfp11_veneer  0x000000001000d470        0x0 linker stubs

.v4_bx          0x000000001000d470        0x0
 .v4_bx         0x000000001000d470        0x0 linker stubs

.iplt           0x000000001000d470        0x0
 .iplt          0x000000001000d470        0x0 /usr/lib/gcc/arm-none-eabi/10.3.1/thumb/v8-m.main+fp/softfp/crtbegin.o

.boot2          0x000000001000d470        0x0
                0x000000001000d470                __boot2_start__ = .
 *(.boot2)
                0x000000001000d470                __boot2_end__ = .
                0x0000000000000001                ASSERT (((__boot2_end__ - __boot2_start__) <= 0x100), ERROR: Pico second stage bootloader must be no more than 256 bytes in size)

.rodata         0x000000001000d470      0xaa0
 *(EXCLUDE_FILE(*libm.a: *libc.a:*lib_a-mem*.o *libgcc.a:) .rodata*)
 .rodata.main.str1.4
                0x000000001000d470       0xa2 CMakeFiles/main.dir/src/main.c.o
 *fill*         0x000000001000d512        0x2 
 .rodata.str1.4
                0x000000001000d514       0x36 CMakeFiles/main.dir/src/main.c.o
 *fill*         0x000000001000d54a        0x2 
 .rodata.__bi_51.0
                0x000000001000d54c        0xc CMakeFiles/main.dir/src/main.c.o
 .rodata.__bi_52.1
                0x000000001000d558        0xc CMakeFiles/main.dir/src/main.c.o
 .rodata.panic.str1.4
                0x000000001000d564       0x10 CMakeFiles/main.dir/mnt/c/workspace/pico/pico-sdk/src/rp2_common/pico_platform_panic/panic.c.o
                                         0x12 (size before relaxing)
 .rodata.spin_lock_claim_unused.str1.4
                0x000000001000d574       0x1b CMakeFiles/main.dir/mnt/c/workspace/pico/pico-sdk/src/rp2_common/hardware_sync/sync.c.o
 *fill*         0x000000001000d58f        0x1 
 .rodata.user_irq_claim_unused.str1.4
                0x000000001000d590       0x1b CMakeFiles/main.dir/mnt/c/workspace/pico/pico-sdk/src/rp2_common/hardware_irq/irq.c.o
 *fill*         0x000000001000d5ab        0x5 
 .rodata.at_the_end_of_time
                0x000000001000d5b0        0x8 CMakeFiles/main.dir/mnt/c/workspace/pico/pico-sdk/src/common/pico_time/time.c.o
                0x000000001000d5b0                at_the_end_of_time
 .rodata.timer_hardware_alarm_claim.str1.4
                0x000000001000d5b8       0x22 CMakeFiles/main.dir/mnt/c/workspace/pico/pico-sdk/src/rp2_common/hardware_timer/timer.c.o
 *fill*         0x000000001000d5da        0x2 
 .rodata.hard_assertion_failure.str1.4
                0x000000001000d5dc        0xc CMakeFiles/main.dir/mnt/c/workspace/pico/pico-sdk/src/rp2_common/pico_runtime/runtime.c.o
 .rodata.__wrap_malloc.str1.4
                0x000000001000d5e8        0xe CMakeFiles/main.dir/mnt/c/workspace/pico/pico-sdk/src/rp2_common/pico_malloc/malloc.c.o
 *fill*         0x000000001000d5f6        0x2 
 .rodata.str1.4
                0x000000001000d5f8       0x3c CMakeFiles/main.dir/mnt/c/workspace/pico/pico-sdk/src/rp2_common/pico_standard_binary_info/standard_binary_info.c.o
 .rodata.__bi_26
                0x000000001000d634        0xc CMakeFiles/main.dir/mnt/c/workspace/pico/pico-sdk/src/rp2_common/pico_standard_binary_info/standard_binary_info.c.o
 .rodata.__bi_34
                0x000000001000d640        0xc CMakeFiles/main.dir/mnt/c/workspace/pico/pico-sdk/src/rp2_common/pico_standard_binary_info/standard_binary_info.c.o
 .rodata.__bi_42
                0x000000001000d64c        0xc CMakeFiles/main.dir/mnt/c/workspace/pico/pico-sdk/src/rp2_common/pico_standard_binary_info/standard_binary_info.c.o
 .rodata.__bi_48
                0x000000001000d658        0xc CMakeFiles/main.dir/mnt/c/workspace/pico/pico-sdk/src/rp2_common/pico_standard_binary_info/standard_binary_info.c.o
 .rodata.__bi_54
                0x000000001000d664        0xc CMakeFiles/main.dir/mnt/c/workspace/pico/pico-sdk/src/rp2_common/pico_standard_binary_info/standard_binary_info.c.o
 .rodata.__bi_78
                0x000000001000d670        0xc CMakeFiles/main.dir/mnt/c/workspace/pico/pico-sdk/src/rp2_common/pico_standard_binary_info/standard_binary_info.c.o
 .rodata.__bi_84
                0x000000001000d67c        0xc CMakeFiles/main.dir/mnt/c/workspace/pico/pico-sdk/src/rp2_common/pico_standard_binary_info/standard_binary_info.c.o
 .rodata._ftoa.str1.4
                0x000000001000d688       0x15 CMakeFiles/main.dir/mnt/c/workspace/pico/pico-sdk/src/rp2_common/pico_printf/printf.c.o
 *fill*         0x000000001000d69d        0x3 
 .rodata.pow10.0
                0x000000001000d6a0       0x50 CMakeFiles/main.dir/mnt/c/workspace/pico/pico-sdk/src/rp2_common/pico_printf/printf.c.o
 .rodata.__assert_func.str1.4
                0x000000001000d6f0       0x3f CMakeFiles/main.dir/mnt/c/workspace/pico/pico-sdk/src/rp2_common/pico_clib_interface/newlib_interface.c.o
                                         0x43 (size before relaxing)
 *fill*         0x000000001000d72f        0x1 
 .rodata.crlf_str.0
                0x000000001000d730        0x2 CMakeFiles/main.dir/mnt/c/workspace/pico/pico-sdk/src/rp2_common/pico_stdio/stdio.c.o
 *fill*         0x000000001000d732        0x2 
 .rodata._resetd_driver
                0x000000001000d734       0x20 CMakeFiles/main.dir/mnt/c/workspace/pico/pico-sdk/src/rp2_common/pico_stdio_usb/reset_interface.c.o
 .rodata.desc_bos
                0x000000001000d754       0x21 CMakeFiles/main.dir/mnt/c/workspace/pico/pico-sdk/src/rp2_common/pico_stdio_usb/reset_interface.c.o
                0x000000001000d754                desc_bos
 *fill*         0x000000001000d775        0x3 
 .rodata.desc_ms_os_20
                0x000000001000d778       0xa6 CMakeFiles/main.dir/mnt/c/workspace/pico/pico-sdk/src/rp2_common/pico_stdio_usb/reset_interface.c.o
 *fill*         0x000000001000d81e        0x2 
 .rodata.str1.4
                0x000000001000d820       0x13 CMakeFiles/main.dir/mnt/c/workspace/pico/pico-sdk/src/rp2_common/pico_stdio_usb/stdio_usb.c.o
 *fill*         0x000000001000d833        0x1 
 .rodata.__bi_202.0
                0x000000001000d834        0xc CMakeFiles/main.dir/mnt/c/workspace/pico/pico-sdk/src/rp2_common/pico_stdio_usb/stdio_usb.c.o
 .rodata.str1.4
                0x000000001000d840       0x2a CMakeFiles/main.dir/mnt/c/workspace/pico/pico-sdk/src/rp2_common/pico_stdio_usb/stdio_usb_descriptors.c.o
 *fill*         0x000000001000d86a        0x2 
 .rodata.usbd_desc_cfg
                0x000000001000d86c       0x54 CMakeFiles/main.dir/mnt/c/workspace/pico/pico-sdk/src/rp2_common/pico_stdio_usb/stdio_usb_descriptors.c.o
 .rodata.usbd_desc_device
                0x000000001000d8c0       0x12 CMakeFiles/main.dir/mnt/c/workspace/pico/pico-sdk/src/rp2_common/pico_stdio_usb/stdio_usb_descriptors.c.o
 *fill*         0x000000001000d8d2        0x2 
 .rodata.usbd_desc_str
                0x000000001000d8d4       0x18 CMakeFiles/main.dir/mnt/c/workspace/pico/pico-sdk/src/rp2_common/pico_stdio_usb/stdio_usb_descriptors.c.o
 .rodata.str1.4
                0x000000001000d8ec       0x14 CMakeFiles/main.dir/mnt/c/workspace/pico/pico-sdk/lib/tinyusb/src/portable/raspberrypi/rp2040/dcd_rp2040.c.o
 .rodata.str1.4
                0x000000001000d900       0x48 CMakeFiles/main.dir/mnt/c/workspace/pico/pico-sdk/lib/tinyusb/src/portable/raspberrypi/rp2040/rp2040_usb.c.o
 .rodata._usbd_driver
                0x000000001000d948       0x40 CMakeFiles/main.dir/mnt/c/workspace/pico/pico-sdk/lib/tinyusb/src/device/usbd.c.o
 .rodata.dma_claim_unused_channel.str1.4
                0x000000001000d988       0x1e CMakeFiles/main.dir/mnt/c/workspace/pico/pico-sdk/src/rp2_common/hardware_dma/dma.c.o
 *fill*         0x000000001000d9a6        0x2 
 .rodata.BIQUAD_LAYERS_CASCADE_5
                0x000000001000d9a8       0xc8 ../lib/libuss_lib.a(filter.c.o)
                0x000000001000d9a8                BIQUAD_LAYERS_CASCADE_5
 .rodata.dma_capture_start.str1.4
                0x000000001000da70       0x39 ../lib/libuss_lib.a(dma.c.o)
 *fill*         0x000000001000daa9        0x3 
 .rodata.send_data_serial_float.str1.4
                0x000000001000daac        0xb ../lib/libuss_lib.a(serial.c.o)
 *fill*         0x000000001000dab7        0x1 
 .rodata        0x000000001000dab8        0x4 /usr/lib/gcc/arm-none-eabi/10.3.1/../../../arm-none-eabi/lib/thumb/v8-m.main+fp/softfp/libg.a(lib_a-impure.o)
                0x000000001000dab8                _global_impure_ptr
 .rodata.str1.4
                0x000000001000dabc        0x5 /usr/lib/gcc/arm-none-eabi/10.3.1/../../../arm-none-eabi/lib/thumb/v8-m.main+fp/softfp/libg.a(lib_a-vfscanf.o)
                                          0x9 (size before relaxing)
 *fill*         0x000000001000dac1        0x3 
 .rodata        0x000000001000dac4       0x22 /usr/lib/gcc/arm-none-eabi/10.3.1/../../../arm-none-eabi/lib/thumb/v8-m.main+fp/softfp/libg.a(lib_a-vfscanf.o)
 *fill*         0x000000001000dae6        0x2 
 .rodata        0x000000001000dae8      0x101 /usr/lib/gcc/arm-none-eabi/10.3.1/../../../arm-none-eabi/lib/thumb/v8-m.main+fp/softfp/libg.a(lib_a-ctype_.o)
                0x000000001000dae8                _ctype_
 *fill*         0x000000001000dbe9        0x3 
 .rodata.str1.4
                0x000000001000dbec        0xa /usr/lib/gcc/arm-none-eabi/10.3.1/../../../arm-none-eabi/lib/thumb/v8-m.main+fp/softfp/libg.a(lib_a-locale.o)
                                         0x12 (size before relaxing)
 .rodata.str1.4
                0x000000001000dbf6        0x1 /usr/lib/gcc/arm-none-eabi/10.3.1/../../../arm-none-eabi/lib/thumb/v8-m.main+fp/softfp/libg.a(lib_a-mbrtowc.o)
 *fill*         0x000000001000dbf6        0x2 
 .rodata.str1.4
                0x000000001000dbf8        0xf /usr/lib/gcc/arm-none-eabi/10.3.1/../../../arm-none-eabi/lib/thumb/v8-m.main+fp/softfp/libg.a(lib_a-strtod.o)
                                         0x11 (size before relaxing)
 *fill*         0x000000001000dc07        0x1 
 .rodata        0x000000001000dc08       0x50 /usr/lib/gcc/arm-none-eabi/10.3.1/../../../arm-none-eabi/lib/thumb/v8-m.main+fp/softfp/libg.a(lib_a-strtod.o)
 .rodata.str1.4
                0x000000001000dc58       0x4e /usr/lib/gcc/arm-none-eabi/10.3.1/../../../arm-none-eabi/lib/thumb/v8-m.main+fp/softfp/libg.a(lib_a-gdtoa-gethex.o)
 *fill*         0x000000001000dca6        0x2 
 .rodata        0x000000001000dca8      0x100 /usr/lib/gcc/arm-none-eabi/10.3.1/../../../arm-none-eabi/lib/thumb/v8-m.main+fp/softfp/libg.a(lib_a-gdtoa-gethex.o)
                0x000000001000dca8                __hexdig
 .rodata.str1.4
                0x000000001000dda8        0x5 /usr/lib/gcc/arm-none-eabi/10.3.1/../../../arm-none-eabi/lib/thumb/v8-m.main+fp/softfp/libg.a(lib_a-lnumeric.o)
 .rodata        0x000000001000dda8        0xc /usr/lib/gcc/arm-none-eabi/10.3.1/../../../arm-none-eabi/lib/thumb/v8-m.main+fp/softfp/libg.a(lib_a-lnumeric.o)
                0x000000001000dda8                _C_numeric_locale
 .rodata.str1.4
                0x000000001000ddb4       0x33 /usr/lib/gcc/arm-none-eabi/10.3.1/../../../arm-none-eabi/lib/thumb/v8-m.main+fp/softfp/libg.a(lib_a-mprec.o)
                                         0x47 (size before relaxing)
 *fill*         0x000000001000dde7        0x1 
 .rodata        0x000000001000dde8      0x128 /usr/lib/gcc/arm-none-eabi/10.3.1/../../../arm-none-eabi/lib/thumb/v8-m.main+fp/softfp/libg.a(lib_a-mprec.o)
                0x000000001000ddf8                __mprec_tens
                0x000000001000dec0                __mprec_tinytens
                0x000000001000dee8                __mprec_bigtens
 *(.srodata*)
                0x000000001000df10                . = ALIGN (0x4)
 *(SORT_BY_ALIGNMENT(SORT_BY_NAME(.flashdata*)))
                0x000000001000df10                . = ALIGN (0x4)

.ARM.extab
 *(.ARM.extab* .gnu.linkonce.armextab.*)
                0x000000001000df10                __exidx_start = .

.ARM.exidx      0x000000001000df10        0x8
 *(.ARM.exidx* .gnu.linkonce.armexidx.*)
 .ARM.exidx     0x000000001000df10        0x8 /usr/lib/gcc/arm-none-eabi/10.3.1/thumb/v8-m.main+fp/softfp/libgcc.a(_udivmoddi4.o)
                0x000000001000df18                __exidx_end = .
                0x000000001000df18                . = ALIGN (0x4)
                0x000000001000df18                __binary_info_start = .

.binary_info    0x000000001000df18       0x28
 *(.binary_info.keep.*)
 .binary_info.keep.__bi_ptr51
                0x000000001000df18        0x4 CMakeFiles/main.dir/src/main.c.o
 .binary_info.keep.__bi_ptr52
                0x000000001000df1c        0x4 CMakeFiles/main.dir/src/main.c.o
 .binary_info.keep.__bi_ptr26
                0x000000001000df20        0x4 CMakeFiles/main.dir/mnt/c/workspace/pico/pico-sdk/src/rp2_common/pico_standard_binary_info/standard_binary_info.c.o
 .binary_info.keep.__bi_ptr34
                0x000000001000df24        0x4 CMakeFiles/main.dir/mnt/c/workspace/pico/pico-sdk/src/rp2_common/pico_standard_binary_info/standard_binary_info.c.o
 .binary_info.keep.__bi_ptr42
                0x000000001000df28        0x4 CMakeFiles/main.dir/mnt/c/workspace/pico/pico-sdk/src/rp2_common/pico_standard_binary_info/standard_binary_info.c.o
 .binary_info.keep.__bi_ptr48
                0x000000001000df2c        0x4 CMakeFiles/main.dir/mnt/c/workspace/pico/pico-sdk/src/rp2_common/pico_standard_binary_info/standard_binary_info.c.o
 .binary_info.keep.__bi_ptr54